Component: ARM Compiler 5.06 update 6 (build 750) Tool: armlink [4d35ed]

==============================================================================

Section Cross References

    sx1276.o(i.GetFskBandwidthRegValue) refers to sx1276.o(.constdata) for .constdata
    sx1276.o(i.RxChainCalibration) refers to sx1276.o(i.SX1276Read) for SX1276Read
    sx1276.o(i.RxChainCalibration) refers to sx1276.o(i.SX1276Write) for SX1276Write
    sx1276.o(i.RxChainCalibration) refers to sx1276.o(i.SX1276SetChannel) for SX1276SetChannel
    sx1276.o(i.SX1276BoardInit) refers to sx1276.o(.data) for .data
    sx1276.o(i.SX1276GetStatus) refers to sx1276.o(.bss) for .bss
    sx1276.o(i.SX1276GetTimeOnAir) refers to dfltui.o(.text) for __aeabi_ui2d
    sx1276.o(i.SX1276GetTimeOnAir) refers to sx1276.o(i.SX1276Read) for SX1276Read
    sx1276.o(i.SX1276GetTimeOnAir) refers to dadd.o(.text) for __aeabi_dadd
    sx1276.o(i.SX1276GetTimeOnAir) refers to dscalb.o(.text) for __ARM_scalbn
    sx1276.o(i.SX1276GetTimeOnAir) refers to ddiv.o(.text) for __aeabi_ddiv
    sx1276.o(i.SX1276GetTimeOnAir) refers to dmul.o(.text) for __aeabi_dmul
    sx1276.o(i.SX1276GetTimeOnAir) refers to round.o(i.round) for round
    sx1276.o(i.SX1276GetTimeOnAir) refers to dflti.o(.text) for __aeabi_i2d
    sx1276.o(i.SX1276GetTimeOnAir) refers to ceil.o(i.ceil) for ceil
    sx1276.o(i.SX1276GetTimeOnAir) refers to cdrcmple.o(.text) for __aeabi_cdrcmple
    sx1276.o(i.SX1276GetTimeOnAir) refers to floor.o(i.floor) for floor
    sx1276.o(i.SX1276GetTimeOnAir) refers to dfixui.o(.text) for __aeabi_d2uiz
    sx1276.o(i.SX1276GetTimeOnAir) refers to sx1276.o(.bss) for .bss
    sx1276.o(i.SX1276GetWakeupTime) refers to sx1276.o(.data) for .data
    sx1276.o(i.SX1276Init) refers to timeserver.o(i.TimerInit) for TimerInit
    sx1276.o(i.SX1276Init) refers to sx1276.o(i.SX1276Reset) for SX1276Reset
    sx1276.o(i.SX1276Init) refers to sx1276.o(i.RxChainCalibration) for RxChainCalibration
    sx1276.o(i.SX1276Init) refers to sx1276.o(i.SX1276SetOpMode) for SX1276SetOpMode
    sx1276.o(i.SX1276Init) refers to sx1276.o(i.SX1276SetModem) for SX1276SetModem
    sx1276.o(i.SX1276Init) refers to sx1276.o(i.SX1276Write) for SX1276Write
    sx1276.o(i.SX1276Init) refers to sx1276.o(.data) for .data
    sx1276.o(i.SX1276Init) refers to sx1276.o(i.SX1276OnTimeoutIrq) for SX1276OnTimeoutIrq
    sx1276.o(i.SX1276Init) refers to sx1276.o(.bss) for .bss
    sx1276.o(i.SX1276Init) refers to sx1276.o(.constdata) for .constdata
    sx1276.o(i.SX1276IsChannelFree) refers to sx1276.o(i.SX1276SetModem) for SX1276SetModem
    sx1276.o(i.SX1276IsChannelFree) refers to sx1276.o(i.SX1276SetChannel) for SX1276SetChannel
    sx1276.o(i.SX1276IsChannelFree) refers to sx1276.o(i.SX1276SetOpMode) for SX1276SetOpMode
    sx1276.o(i.SX1276IsChannelFree) refers to mlm32l0xx_hal_msp.o(i.HAL_Delay) for HAL_Delay
    sx1276.o(i.SX1276IsChannelFree) refers to timeserver.o(i.TimerGetCurrentTime) for TimerGetCurrentTime
    sx1276.o(i.SX1276IsChannelFree) refers to sx1276.o(i.SX1276ReadRssi) for SX1276ReadRssi
    sx1276.o(i.SX1276IsChannelFree) refers to timeserver.o(i.TimerGetElapsedTime) for TimerGetElapsedTime
    sx1276.o(i.SX1276IsChannelFree) refers to sx1276.o(i.SX1276SetSleep) for SX1276SetSleep
    sx1276.o(i.SX1276IsChannelFree) refers to sx1276.o(.bss) for .bss
    sx1276.o(i.SX1276OnDio0Irq) refers to timeserver.o(i.TimerStop) for TimerStop
    sx1276.o(i.SX1276OnDio0Irq) refers to sx1276.o(i.SX1276Write) for SX1276Write
    sx1276.o(i.SX1276OnDio0Irq) refers to sx1276.o(i.SX1276Read) for SX1276Read
    sx1276.o(i.SX1276OnDio0Irq) refers to timeserver.o(i.TimerStart) for TimerStart
    sx1276.o(i.SX1276OnDio0Irq) refers to sx1276.o(i.SX1276ReadFifo) for SX1276ReadFifo
    sx1276.o(i.SX1276OnDio0Irq) refers to sx1276.o(.bss) for .bss
    sx1276.o(i.SX1276OnDio0Irq) refers to sx1276.o(.data) for .data
    sx1276.o(i.SX1276OnDio1Irq) refers to sx1276.o(i.SX1276WriteFifo) for SX1276WriteFifo
    sx1276.o(i.SX1276OnDio1Irq) refers to timeserver.o(i.TimerStop) for TimerStop
    sx1276.o(i.SX1276OnDio1Irq) refers to sx1276.o(i.SX1276Write) for SX1276Write
    sx1276.o(i.SX1276OnDio1Irq) refers to sx1276.o(i.SX1276Read) for SX1276Read
    sx1276.o(i.SX1276OnDio1Irq) refers to sx1276.o(i.SX1276ReadFifo) for SX1276ReadFifo
    sx1276.o(i.SX1276OnDio1Irq) refers to sx1276.o(.bss) for .bss
    sx1276.o(i.SX1276OnDio1Irq) refers to sx1276.o(.data) for .data
    sx1276.o(i.SX1276OnDio2Irq) refers to sx1276.o(i.SX1276Write) for SX1276Write
    sx1276.o(i.SX1276OnDio2Irq) refers to sx1276.o(i.SX1276Read) for SX1276Read
    sx1276.o(i.SX1276OnDio2Irq) refers to timeserver.o(i.TimerStop) for TimerStop
    sx1276.o(i.SX1276OnDio2Irq) refers to sx1276.o(.bss) for .bss
    sx1276.o(i.SX1276OnDio2Irq) refers to sx1276.o(.data) for .data
    sx1276.o(i.SX1276OnDio3Irq) refers to sx1276.o(i.SX1276Read) for SX1276Read
    sx1276.o(i.SX1276OnDio3Irq) refers to sx1276.o(i.SX1276Write) for SX1276Write
[...]
    i.HW_SPI_Init                            0x08002c54   Section        0  hw_spi.o(i.HW_SPI_Init)
    i.HW_SPI_IoInit                          0x08002cd8   Section        0  hw_spi.o(i.HW_SPI_IoInit)
    i.HardFault_Handler                      0x08002d38   Section        0  mlm32l0xx_it.o(i.HardFault_Handler)
    i.LPM_EnterLowPower                      0x08002d3c   Section        0  low_power_manager.o(i.LPM_EnterLowPower)
    i.LPM_EnterOffMode                       0x08002d70   Section        0  low_power_manager.o(i.LPM_EnterOffMode)
    i.LPM_EnterSleepMode                     0x08002d72   Section        0  mlm32l0xx_hw.o(i.LPM_EnterSleepMode)
    i.LPM_EnterStopMode                      0x08002d80   Section        0  mlm32l0xx_hw.o(i.LPM_EnterStopMode)
    i.LPM_ExitOffMode                        0x08002dfc   Section        0  low_power_manager.o(i.LPM_ExitOffMode)
    i.LPM_ExitSleepMode                      0x08002dfe   Section        0  low_power_manager.o(i.LPM_ExitSleepMode)
    i.LPM_ExitStopMode                       0x08002e00   Section        0  mlm32l0xx_hw.o(i.LPM_ExitStopMode)
    i.LPM_GetMode                            0x08002e58   Section        0  low_power_manager.o(i.LPM_GetMode)
    i.LPM_SetOffMode                         0x08002e80   Section        0  low_power_manager.o(i.LPM_SetOffMode)
    i.LPM_SetStopMode                        0x08002ea8   Section        0  low_power_manager.o(i.LPM_SetStopMode)
    i.MSP_GetIRQn                            0x08002ed0   Section        0  mlm32l0xx_hal_msp.o(i.MSP_GetIRQn)
    i.NMI_Handler                            0x08002f00   Section        0  mlm32l0xx_it.o(i.NMI_Handler)
    i.OnRxDone                               0x08002f04   Section        0  main.o(i.OnRxDone)
    i.OnRxError                              0x08002f74   Section        0  main.o(i.OnRxError)
    i.OnRxTimeout                            0x08002fa0   Section        0  main.o(i.OnRxTimeout)
    i.OnTxDone                               0x08002fd0   Section        0  main.o(i.OnTxDone)
    i.OnTxTimeout                            0x08002ffc   Section        0  main.o(i.OnTxTimeout)
    i.OnledEvent                             0x0800302c   Section        0  main.o(i.OnledEvent)
    OnledEvent                               0x0800302d   Thumb Code    34  main.o(i.OnledEvent)
    i.PendSV_Handler                         0x08003054   Section        0  mlm32l0xx_it.o(i.PendSV_Handler)
    i.RTC_Bcd2ToByte                         0x08003056   Section        0  stm32l0xx_hal_rtc.o(i.RTC_Bcd2ToByte)
    i.RTC_ByteToBcd2                         0x08003066   Section        0  stm32l0xx_hal_rtc.o(i.RTC_ByteToBcd2)
    i.RTC_EnterInitMode                      0x0800307e   Section        0  stm32l0xx_hal_rtc.o(i.RTC_EnterInitMode)
    i.RTC_IRQHandler                         0x080030b6   Section        0  mlm32l0xx_it.o(i.RTC_IRQHandler)
    i.RxChainCalibration                     0x080030c0   Section        0  sx1276.o(i.RxChainCalibration)
    i.SPI_EndRxTxTransaction                 0x08003154   Section        0  stm32l0xx_hal_spi.o(i.SPI_EndRxTxTransaction)
    SPI_EndRxTxTransaction                   0x08003155   Thumb Code    66  stm32l0xx_hal_spi.o(i.SPI_EndRxTxTransaction)
    i.SPI_WaitFlagStateUntilTimeout          0x08003196   Section        0  stm32l0xx_hal_spi.o(i.SPI_WaitFlagStateUntilTimeout)
    SPI_WaitFlagStateUntilTimeout            0x08003197   Thumb Code   140  stm32l0xx_hal_spi.o(i.SPI_WaitFlagStateUntilTimeout)
    i.SVC_Handler                            0x08003222   Section        0  mlm32l0xx_it.o(i.SVC_Handler)
    i.SX1276BoardInit                        0x08003224   Section        0  sx1276.o(i.SX1276BoardInit)
    i.SX1276CheckRfFrequency                 0x08003230   Section        0  mlm32l07x01.o(i.SX1276CheckRfFrequency)
    i.SX1276GetPaSelect                      0x08003234   Section        0  mlm32l07x01.o(i.SX1276GetPaSelect)
    i.SX1276GetStatus                        0x08003240   Section        0  sx1276.o(i.SX1276GetStatus)
    i.SX1276GetTimeOnAir                     0x0800324c   Section        0  sx1276.o(i.SX1276GetTimeOnAir)
    i.SX1276GetWakeTime                      0x08003430   Section        0  mlm32l07x01.o(i.SX1276GetWakeTime)
    i.SX1276GetWakeupTime                    0x08003434   Section        0  sx1276.o(i.SX1276GetWakeupTime)
    i.SX1276Init                             0x08003448   Section        0  sx1276.o(i.SX1276Init)
    i.SX1276IoDeInit                         0x080034d4   Section        0  mlm32l07x01.o(i.SX1276IoDeInit)
    i.SX1276IoInit                           0x08003524   Section        0  mlm32l07x01.o(i.SX1276IoInit)
    i.SX1276IoIrqInit                        0x08003598   Section        0  mlm32l07x01.o(i.SX1276IoIrqInit)
    i.SX1276IsChannelFree                    0x080035dc   Section        0  sx1276.o(i.SX1276IsChannelFree)
    i.SX1276OnDio0Irq                        0x0800363c   Section        0  sx1276.o(i.SX1276OnDio0Irq)
    i.SX1276OnDio1Irq                        0x0800387c   Section        0  sx1276.o(i.SX1276OnDio1Irq)
    i.SX1276OnDio2Irq                        0x08003950   Section        0  sx1276.o(i.SX1276OnDio2Irq)
    i.SX1276OnDio3Irq                        0x08003a04   Section        0  sx1276.o(i.SX1276OnDio3Irq)
    i.SX1276OnDio4Irq                        0x08003a58   Section        0  sx1276.o(i.SX1276OnDio4Irq)
    i.SX1276OnTimeoutIrq                     0x08003a74   Section        0  sx1276.o(i.SX1276OnTimeoutIrq)
    i.SX1276Random                           0x08003b3c   Section        0  sx1276.o(i.SX1276Random)
    i.SX1276Read                             0x08003b7a   Section        0  sx1276.o(i.SX1276Read)
    i.SX1276ReadBuffer                       0x08003b8a   Section        0  sx1276.o(i.SX1276ReadBuffer)
    i.SX1276ReadFifo                         0x08003bcc   Section        0  sx1276.o(i.SX1276ReadFifo)
    i.SX1276ReadRssi                         0x08003bdc   Section        0  sx1276.o(i.SX1276ReadRssi)
    i.SX1276Reset                            0x08003c20   Section        0  sx1276.o(i.SX1276Reset)
    i.SX1276Send                             0x08003c70   Section        0  sx1276.o(i.SX1276Send)
    i.SX1276SetAntSw                         0x08003d60   Section        0  mlm32l07x01.o(i.SX1276SetAntSw)
    i.SX1276SetAntSwLowPower                 0x08003da4   Section        0  mlm32l07x01.o(i.SX1276SetAntSwLowPower)
    i.SX1276SetChannel                       0x08003e18   Section        0  sx1276.o(i.SX1276SetChannel)
    i.SX1276SetMaxPayloadLength              0x08003e68   Section        0  sx1276.o(i.SX1276SetMaxPayloadLength)
    i.SX1276SetModem                         0x08003e98   Section        0  sx1276.o(i.SX1276SetModem)
    i.SX1276SetOpMode                        0x08003f0c   Section        0  sx1276.o(i.SX1276SetOpMode)
    i.SX1276SetPublicNetwork                 0x08003f68   Section        0  sx1276.o(i.SX1276SetPublicNetwork)
    i.SX1276SetRfTxPower                     0x08003f8c   Section        0  mlm32l07x01.o(i.SX1276SetRfTxPower)
    i.SX1276SetRx                            0x08004034   Section        0  sx1276.o(i.SX1276SetRx)
    i.SX1276SetRxConfig                      0x08004234   Section        0  sx1276.o(i.SX1276SetRxConfig)
    i.SX1276SetSleep                         0x080044bc   Section        0  sx1276.o(i.SX1276SetSleep)
    i.SX1276SetStby                          0x080044f8   Section        0  sx1276.o(i.SX1276SetStby)
    i.SX1276SetTx                            0x08004524   Section        0  sx1276.o(i.SX1276SetTx)
    i.SX1276SetTxConfig                      0x080045d4   Section        0  sx1276.o(i.SX1276SetTxConfig)
    i.SX1276SetTxContinuousWave              0x080047d0   Section        0  sx1276.o(i.SX1276SetTxContinuousWave)
    i.SX1276SetXO                            0x0800484c   Section        0  mlm32l07x01.o(i.SX1276SetXO)
    i.SX1276StartCad                         0x08004874   Section        0  sx1276.o(i.SX1276StartCad)
    i.SX1276Write                            0x080048ac   Section        0  sx1276.o(i.SX1276Write)
    i.SX1276WriteBuffer                      0x080048b8   Section        0  sx1276.o(i.SX1276WriteBuffer)
    i.SX1276WriteFifo                        0x080048fa   Section        0  sx1276.o(i.SX1276WriteFifo)
    i.SysTick_Handler                        0x08004908   Section        0  mlm32l0xx_it.o(i.SysTick_Handler)
    i.SystemClock_Config                     0x08004910   Section        0  mlm32l0xx_hw.o(i.SystemClock_Config)
    i.SystemInit                             0x0800499c   Section        0  system_stm32l0xx.o(i.SystemInit)
    i.TimerGetCurrentTime                    0x080049f0   Section        0  timeserver.o(i.TimerGetCurrentTime)
    i.TimerGetElapsedTime                    0x080049fc   Section        0  timeserver.o(i.TimerGetElapsedTime)
    i.TimerInit                              0x08004a1a   Section        0  timeserver.o(i.TimerInit)
    i.TimerInsertNewHeadTimer                0x08004a2c   Section        0  timeserver.o(i.TimerInsertNewHeadTimer)
    TimerInsertNewHeadTimer                  0x08004a2d   Thumb Code    24  timeserver.o(i.TimerInsertNewHeadTimer)
    i.TimerIrqHandler                        0x08004a48   Section        0  timeserver.o(i.TimerIrqHandler)
    i.TimerSetTimeout                        0x08004ac8   Section        0  timeserver.o(i.TimerSetTimeout)
    TimerSetTimeout                          0x08004ac9   Thumb Code    44  timeserver.o(i.TimerSetTimeout)
    i.TimerSetValue                          0x08004af4   Section        0  timeserver.o(i.TimerSetValue)
    i.TimerStart                             0x08004b18   Section        0  timeserver.o(i.TimerStart)
    i.TimerStop                              0x08004b8c   Section        0  timeserver.o(i.TimerStop)
    i.TraceInit                              0x08004bf0   Section        0  trace.o(i.TraceInit)
    i.TraceSend                              0x08004c10   Section        0  trace.o(i.TraceSend)
    i.Trace_TxCpltCallback                   0x08004c84   Section        0  trace.o(i.Trace_TxCpltCallback)
    Trace_TxCpltCallback                     0x08004c85   Thumb Code    70  trace.o(i.Trace_TxCpltCallback)
    i.UART_AdvFeatureConfig                  0x08004cd4   Section        0  stm32l0xx_hal_uart.o(i.UART_AdvFeatureConfig)
    i.UART_CheckIdleState                    0x08004da0   Section        0  stm32l0xx_hal_uart.o(i.UART_CheckIdleState)
    i.UART_DMAAbortOnError                   0x08004e00   Section        0  stm32l0xx_hal_uart.o(i.UART_DMAAbortOnError)
    UART_DMAAbortOnError                     0x08004e01   Thumb Code    20  stm32l0xx_hal_uart.o(i.UART_DMAAbortOnError)
    i.UART_DMAError                          0x08004e14   Section        0  stm32l0xx_hal_uart.o(i.UART_DMAError)
    UART_DMAError                            0x08004e15   Thumb Code    72  stm32l0xx_hal_uart.o(i.UART_DMAError)
    i.UART_DMATransmitCplt                   0x08004e5c   Section        0  stm32l0xx_hal_uart.o(i.UART_DMATransmitCplt)
    UART_DMATransmitCplt                     0x08004e5d   Thumb Code    48  stm32l0xx_hal_uart.o(i.UART_DMATransmitCplt)
    i.UART_DMATxHalfCplt                     0x08004e8c   Section        0  stm32l0xx_hal_uart.o(i.UART_DMATxHalfCplt)
    UART_DMATxHalfCplt                       0x08004e8d   Thumb Code    10  stm32l0xx_hal_uart.o(i.UART_DMATxHalfCplt)
    i.UART_EndRxTransfer                     0x08004e96   Section        0  stm32l0xx_hal_uart.o(i.UART_EndRxTransfer)
    UART_EndRxTransfer                       0x08004e97   Thumb Code    32  stm32l0xx_hal_uart.o(i.UART_EndRxTransfer)
    i.UART_EndTxTransfer                     0x08004eb6   Section        0  stm32l0xx_hal_uart.o(i.UART_EndTxTransfer)
    UART_EndTxTransfer                       0x08004eb7   Thumb Code    16  stm32l0xx_hal_uart.o(i.UART_EndTxTransfer)
    i.UART_SetConfig                         0x08004ec8   Section        0  stm32l0xx_hal_uart.o(i.UART_SetConfig)
    i.UART_WaitOnFlagUntilTimeout            0x08005104   Section        0  stm32l0xx_hal_uart.o(i.UART_WaitOnFlagUntilTimeout)
    i.USART2_IRQHandler                      0x08005166   Section        0  mlm32l0xx_it.o(i.USART2_IRQHandler)
    i.__0vsnprintf                           0x08005170   Section        0  printfa.o(i.__0vsnprintf)
    i.__ARM_clz                              0x0800519c   Section        0  depilogue.o(i.__ARM_clz)
    i.__ARM_common_switch8                   0x080051ca   Section        0  sx1276.o(i.__ARM_common_switch8)
    i.__NVIC_SetPriority                     0x080051e4   Section        0  stm32l0xx_hal_cortex.o(i.__NVIC_SetPriority)
    __NVIC_SetPriority                       0x080051e5   Thumb Code    60  stm32l0xx_hal_cortex.o(i.__NVIC_SetPriority)
    i.__scatterload_copy                     0x08005228   Section       14  handlers.o(i.__scatterload_copy)
    i.__scatterload_null                     0x08005236   Section        2  handlers.o(i.__scatterload_null)
    i.__scatterload_zeroinit                 0x08005238   Section       14  handlers.o(i.__scatterload_zeroinit)
    i._fp_digits                             0x08005248   Section        0  printfa.o(i._fp_digits)
    _fp_digits                               0x08005249   Thumb Code   344  printfa.o(i._fp_digits)
    i._printf_core                           0x080053bc   Section        0  printfa.o(i._printf_core)
    _printf_core                             0x080053bd   Thumb Code  1754  printfa.o(i._printf_core)
    i._printf_post_padding                   0x08005aa8   Section        0  printfa.o(i._printf_post_padding)
    _printf_post_padding                     0x08005aa9   Thumb Code    32  printfa.o(i._printf_post_padding)
    i._printf_pre_padding                    0x08005ac8   Section        0  printfa.o(i._printf_pre_padding)
    _printf_pre_padding                      0x08005ac9   Thumb Code    44  printfa.o(i._printf_pre_padding)
    i._snputc                                0x08005af4   Section        0  printfa.o(i._snputc)
    _snputc                                  0x08005af5   Thumb Code    22  printfa.o(i._snputc)
    i.add_elementSize_and_inc_writeIdx       0x08005b0a   Section        0  queue.o(i.add_elementSize_and_inc_writeIdx)
    add_elementSize_and_inc_writeIdx         0x08005b0b   Thumb Code    48  queue.o(i.add_elementSize_and_inc_writeIdx)
    i.ceil                                   0x08005b3c   Section        0  ceil.o(i.ceil)
    i.circular_queue_add                     0x08005c04   Section        0  queue.o(i.circular_queue_add)
    i.circular_queue_get                     0x08005cd4   Section        0  queue.o(i.circular_queue_get)
    i.circular_queue_init                    0x08005d0e   Section        0  queue.o(i.circular_queue_init)
    i.circular_queue_remove                  0x08005d1e   Section        0  queue.o(i.circular_queue_remove)
    i.circular_queue_sense                   0x08005d6e   Section        0  queue.o(i.circular_queue_sense)
    i.floor                                  0x08005d80   Section        0  floor.o(i.floor)
    i.main                                   0x08005e48   Section        0  main.o(i.main)
    i.memcpy1                                0x08006090   Section        0  utilities.o(i.memcpy1)
    i.queue_copy                             0x080060a6   Section        0  queue.o(i.queue_copy)
    queue_copy                               0x080060a7   Thumb Code    22  queue.o(i.queue_copy)
    i.round                                  0x080060bc   Section        0  round.o(i.round)
    i.vcom_DMA_TX_IRQHandler                 0x08006158   Section        0  vcom.o(i.vcom_DMA_TX_IRQHandler)
    i.vcom_IRQHandler                        0x08006168   Section        0  vcom.o(i.vcom_IRQHandler)
    i.vcom_Init                              0x08006178   Section        0  vcom.o(i.vcom_Init)
    i.vcom_IoDeInit                          0x080061b4   Section        0  vcom.o(i.vcom_IoDeInit)
    i.vcom_IoInit                            0x080061fc   Section        0  vcom.o(i.vcom_IoInit)
    i.vcom_Trace                             0x08006258   Section        0  vcom.o(i.vcom_Trace)
    .constdata                               0x0800626c   Section      224  sx1276.o(.constdata)
    .constdata                               0x0800634c   Section      116  mlm32l07x01.o(.constdata)
    .constdata                               0x080063c0   Section       12  b-l072z-lrwan1.o(.constdata)
    .constdata                               0x080063cc   Section       25  system_stm32l0xx.o(.constdata)
    .constdata                               0x080063e5   Section        8  system_stm32l0xx.o(.constdata)
    .constdata                               0x080063ed   Section       24  hw_rtc.o(.constdata)
    DaysInMonth                              0x080063ed   Data          12  hw_rtc.o(.constdata)
    DaysInMonthLeapYear                      0x080063f9   Data          12  hw_rtc.o(.constdata)
    .constdata                               0x08006405   Section       10  main.o(.constdata)
    .data                                    0x20000000   Section       32  sx1276.o(.data)
    RadioEvents                              0x20000000   Data           4  sx1276.o(.data)
    LoRaBoardCallbacks                       0x20000004   Data           4  sx1276.o(.data)
    .data                                    0x20000020   Section       24  mlm32l07x01.o(.data)
    BoardCallbacks                           0x20000020   Data          24  mlm32l07x01.o(.data)
    .data                                    0x20000038   Section       20  b-l072z-lrwan1.o(.data)
    .data                                    0x2000004c   Section        4  system_stm32l0xx.o(.data)
    .data                                    0x20000050   Section        4  stm32l0xx_hal.o(.data)
    .data                                    0x20000054   Section        4  hw_rtc.o(.data)
    HW_RTC_Initalized                        0x20000054   Data           1  hw_rtc.o(.data)
    McuWakeUpTimeInitialized                 0x20000055   Data           1  hw_rtc.o(.data)
    McuWakeUpTimeCal                         0x20000056   Data           2  hw_rtc.o(.data)
    .data                                    0x20000058   Section        6  main.o(.data)
    .data                                    0x20000060   Section        4  vcom.o(.data)
    TxCpltCallback                           0x20000060   Data           4  vcom.o(.data)
    .data                                    0x20000064   Section        2  mlm32l0xx_hw.o(.data)
    AdcInitialized                           0x20000064   Data           1  mlm32l0xx_hw.o(.data)
    McuInitialized                           0x20000065   Data           1  mlm32l0xx_hw.o(.data)
    .data                                    0x20000068   Section        8  low_power_manager.o(.data)
    StopModeDisable                          0x20000068   Data           4  low_power_manager.o(.data)
    OffModeDisable                           0x2000006c   Data           4  low_power_manager.o(.data)
    .data                                    0x20000070   Section        4  timeserver.o(.data)
    TimerListHead                            0x20000070   Data           4  timeserver.o(.data)
    .data                                    0x20000074   Section        1  trace.o(.data)
    .bss                                     0x20000078   Section      432  sx1276.o(.bss)
    RxTxBuffer                               0x20000078   Data         256  sx1276.o(.bss)
    .bss                                     0x20000228   Section       64  hw_gpio.o(.bss)
    GpioIrq                                  0x20000228   Data          64  hw_gpio.o(.bss)
    .bss                                     0x20000268   Section      104  hw_rtc.o(.bss)
    RtcHandle                                0x20000268   Data          36  hw_rtc.o(.bss)
    RTC_AlarmStructure                       0x2000028c   Data          40  hw_rtc.o(.bss)
    RtcTimerContext                          0x200002b4   Data          28  hw_rtc.o(.bss)
    .bss                                     0x200002d0   Section       88  hw_spi.o(.bss)
    hspi                                     0x200002d0   Data          88  hw_spi.o(.bss)
    .bss                                     0x20000328   Section      116  main.o(.bss)
    timerLed                                 0x20000368   Data          24  main.o(.bss)
    RadioEvents                              0x20000380   Data          28  main.o(.bss)
    .bss                                     0x2000039c   Section      200  vcom.o(.bss)
    hdma_tx                                  0x2000039c   Data          72  vcom.o(.bss)
    UartHandle                               0x200003e4   Data         128  vcom.o(.bss)
    .bss                                     0x20000464   Section       92  mlm32l0xx_hw.o(.bss)
    hadc                                     0x20000464   Data          92  mlm32l0xx_hw.o(.bss)
    .bss                                     0x200004c0   Section      272  trace.o(.bss)
    MsgTraceQueue                            0x200004c0   Data          16  trace.o(.bss)
    MsgTraceQueueBuff                        0x200004d0   Data         256  trace.o(.bss)
    STACK                                    0x200005d0   Section     1024  startup_stm32l072xx.o(STACK)

    Global Symbols

    Symbol Name                              Value     Ov Type        Size  Object(Section)

    BuildAttributes$$THM_ISAv3M$S$PE$A:L22$X:L11$S22$IEEE1$IW$USESV6$~STKCKD$USESV7$~SHL$OTIME$ROPI$IEEEJ$EBA8$MICROLIB$REQ8$PRES8$EABIv2 0x00000000   Number         0  anon$$obj.o ABSOLUTE
    __ARM_use_no_argv                        0x00000000   Number         0  main.o ABSOLUTE
    __cpp_initialize__aeabi_                  - Undefined Weak Reference
    __cxa_finalize                            - Undefined Weak Reference
    __decompress                              - Undefined Weak Reference
    _clock_init                               - Undefined Weak Reference
    _microlib_exit                            - Undefined Weak Reference
    __Vectors_Size                           0x000000c0   Number         0  startup_stm32l072xx.o ABSOLUTE
    __Vectors                                0x08000000   Data           4  startup_stm32l072xx.o(RESET)
    __Vectors_End                            0x080000c0   Data           0  startup_stm32l072xx.o(RESET)
    __main                                   0x080000c1   Thumb Code     0  entry.o(.ARM.Collect$$$$00000000)
    _main_stk                                0x080000c1   Thumb Code     0  entry2.o(.ARM.Collect$$$$00000001)
    _main_scatterload                        0x080000c5   Thumb Code     0  entry5.o(.ARM.Collect$$$$00000004)
    __main_after_scatterload                 0x080000c9   Thumb Code     0  entry5.o(.ARM.Collect$$$$00000004)
    _main_clock                              0x080000c9   Thumb Code     0  entry7b.o(.ARM.Collect$$$$00000008)
    _main_cpp_init                           0x080000c9   Thumb Code     0  entry8b.o(.ARM.Collect$$$$0000000A)
    _main_init                               0x080000c9   Thumb Code     0  entry9a.o(.ARM.Collect$$$$0000000B)
    __rt_final_cpp                           0x080000d1   Thumb Code     0  entry10a.o(.ARM.Collect$$$$0000000D)
    __rt_final_exit                          0x080000d1   Thumb Code     0  entry11a.o(.ARM.Collect$$$$0000000F)
    Reset_Handler                            0x080000d5   Thumb Code     8  startup_stm32l072xx.o(.text)
    ADC1_COMP_IRQHandler                     0x080000e7   Thumb Code     0  startup_stm32l072xx.o(.text)
    DMA1_Channel1_IRQHandler                 0x080000e7   Thumb Code     0  startup_stm32l072xx.o(.text)
    DMA1_Channel2_3_IRQHandler               0x080000e7   Thumb Code     0  startup_stm32l072xx.o(.text)
    FLASH_IRQHandler                         0x080000e7   Thumb Code     0  startup_stm32l072xx.o(.text)
    I2C1_IRQHandler                          0x080000e7   Thumb Code     0  startup_stm32l072xx.o(.text)
    I2C2_IRQHandler                          0x080000e7   Thumb Code     0  startup_stm32l072xx.o(.text)
    I2C3_IRQHandler                          0x080000e7   Thumb Code     0  startup_stm32l072xx.o(.text)
    LPTIM1_IRQHandler                        0x080000e7   Thumb Code     0  startup_stm32l072xx.o(.text)
    PVD_IRQHandler                           0x080000e7   Thumb Code     0  startup_stm32l072xx.o(.text)
    RCC_CRS_IRQHandler                       0x080000e7   Thumb Code     0  startup_stm32l072xx.o(.text)
    RNG_LPUART1_IRQHandler                   0x080000e7   Thumb Code     0  startup_stm32l072xx.o(.text)
    SPI1_IRQHandler                          0x080000e7   Thumb Code     0  startup_stm32l072xx.o(.text)
    SPI2_IRQHandler                          0x080000e7   Thumb Code     0  startup_stm32l072xx.o(.text)
    TIM21_IRQHandler                         0x080000e7   Thumb Code     0  startup_stm32l072xx.o(.text)
    TIM22_IRQHandler                         0x080000e7   Thumb Code     0  startup_stm32l072xx.o(.text)
    TIM2_IRQHandler                          0x080000e7   Thumb Code     0  startup_stm32l072xx.o(.text)
    TIM3_IRQHandler                          0x080000e7   Thumb Code     0  startup_stm32l072xx.o(.text)
    TIM6_DAC_IRQHandler                      0x080000e7   Thumb Code     0  startup_stm32l072xx.o(.text)
    TIM7_IRQHandler                          0x080000e7   Thumb Code     0  startup_stm32l072xx.o(.text)
    TSC_IRQHandler                           0x080000e7   Thumb Code     0  startup_stm32l072xx.o(.text)
    USART1_IRQHandler                        0x080000e7   Thumb Code     0  startup_stm32l072xx.o(.text)
    USART4_5_IRQHandler                      0x080000e7   Thumb Code     0  startup_stm32l072xx.o(.text)
    USB_IRQHandler                           0x080000e7   Thumb Code     0  startup_stm32l072xx.o(.text)
    WWDG_IRQHandler                          0x080000e7   Thumb Code     0  startup_stm32l072xx.o(.text)
    __aeabi_uidiv                            0x080000f1   Thumb Code     0  uidiv.o(.text)
    __aeabi_uidivmod                         0x080000f1   Thumb Code    44  uidiv.o(.text)
    __aeabi_uldivmod                         0x0800011d   Thumb Code    96  uldiv.o(.text)
    __aeabi_memcpy                           0x0800017d   Thumb Code    36  memcpya.o(.text)
    __aeabi_memcpy4                          0x0800017d   Thumb Code     0  memcpya.o(.text)
    __aeabi_memcpy8                          0x0800017d   Thumb Code     0  memcpya.o(.text)
    __aeabi_memset                           0x080001a1   Thumb Code    14  memseta.o(.text)
    __aeabi_memset4                          0x080001a1   Thumb Code     0  memseta.o(.text)
    __aeabi_memset8                          0x080001a1   Thumb Code     0  memseta.o(.text)
    __aeabi_memclr                           0x080001af   Thumb Code     4  memseta.o(.text)
    __aeabi_memclr4                          0x080001af   Thumb Code     0  memseta.o(.text)
    __aeabi_memclr8                          0x080001af   Thumb Code     0  memseta.o(.text)
    _memset$wrapper                          0x080001b3   Thumb Code    18  memseta.o(.text)
    strncmp                                  0x080001c5   Thumb Code    30  strncmp.o(.text)
    __aeabi_dadd                             0x080001e5   Thumb Code   328  dadd.o(.text)
    __aeabi_dsub                             0x0800032d   Thumb Code    12  dadd.o(.text)
    __aeabi_drsub                            0x08000339   Thumb Code    12  dadd.o(.text)
    __aeabi_dmul                             0x08000349   Thumb Code   202  dmul.o(.text)
    __aeabi_ddiv                             0x08000419   Thumb Code   234  ddiv.o(.text)
    __ARM_scalbn                             0x08000509   Thumb Code    44  dscalb.o(.text)
    scalbn                                   0x08000509   Thumb Code     0  dscalb.o(.text)
    __aeabi_i2d                              0x08000535   Thumb Code    34  dflti.o(.text)
    __aeabi_ui2d                             0x0800055d   Thumb Code    24  dfltui.o(.text)
    __aeabi_d2uiz                            0x08000579   Thumb Code    50  dfixui.o(.text)
    __aeabi_cdrcmple                         0x080005b5   Thumb Code    38  cdrcmple.o(.text)
    __aeabi_llsl                             0x080005dd   Thumb Code    32  llshl.o(.text)
    _ll_shift_l                              0x080005dd   Thumb Code     0  llshl.o(.text)
    __aeabi_llsr                             0x080005fd   Thumb Code    34  llushr.o(.text)
    _ll_ushift_r                             0x080005fd   Thumb Code     0  llushr.o(.text)
    __aeabi_lasr                             0x0800061f   Thumb Code    38  llsshr.o(.text)
    _ll_sshift_r                             0x0800061f   Thumb Code     0  llsshr.o(.text)
    __I$use$fp                               0x08000645   Thumb Code     0  iusefp.o(.text)
    _double_round                            0x08000645   Thumb Code    26  depilogue.o(.text)
    _double_epilogue                         0x0800065f   Thumb Code   164  depilogue.o(.text)
    _drnd                                    0x08000705   Thumb Code   114  drnd.o(.text)
    __aeabi_d2ulz                            0x08000781   Thumb Code    54  dfixul.o(.text)
    __aeabi_cdcmpeq                          0x080007c1   Thumb Code     0  cdcmple.o(.text)
    __aeabi_cdcmple                          0x080007c1   Thumb Code    38  cdcmple.o(.text)
    __scatterload                            0x080007e9   Thumb Code    28  init.o(.text)
    __scatterload_rt2                        0x080007e9   Thumb Code     0  init.o(.text)
    BSP_LED_Init                             0x080008c1   Thumb Code    88  b-l072z-lrwan1.o(i.BSP_LED_Init)
    BSP_LED_Off                              0x08000925   Thumb Code    22  b-l072z-lrwan1.o(i.BSP_LED_Off)
    BSP_LED_Toggle                           0x08000945   Thumb Code    20  b-l072z-lrwan1.o(i.BSP_LED_Toggle)
    DBG_Init                                 0x08000961   Thumb Code    92  debug.o(i.DBG_Init)
    DMA1_Channel4_5_6_7_IRQHandler           0x080009c1   Thumb Code     8  mlm32l0xx_it.o(i.DMA1_Channel4_5_6_7_IRQHandler)
    EXTI0_1_IRQHandler                       0x080009f5   Thumb Code    16  mlm32l0xx_it.o(i.EXTI0_1_IRQHandler)
    EXTI2_3_IRQHandler                       0x08000a05   Thumb Code    16  mlm32l0xx_it.o(i.EXTI2_3_IRQHandler)
    EXTI4_15_IRQHandler                      0x08000a15   Thumb Code    92  mlm32l0xx_it.o(i.EXTI4_15_IRQHandler)
    Error_Handler                            0x08000a71   Thumb Code     8  debug.o(i.Error_Handler)
    HAL_ADC_DeInit                           0x08000ab5   Thumb Code   164  stm32l0xx_hal_adc.o(i.HAL_ADC_DeInit)
    HAL_ADC_Init                             0x08000b69   Thumb Code   446  stm32l0xx_hal_adc.o(i.HAL_ADC_Init)
    HAL_ADC_MspDeInit                        0x08000d31   Thumb Code     2  stm32l0xx_hal_adc.o(i.HAL_ADC_MspDeInit)
    HAL_ADC_MspInit                          0x08000d33   Thumb Code     2  stm32l0xx_hal_adc.o(i.HAL_ADC_MspInit)
    HAL_DBGMCU_DisableDBGSleepMode           0x08000d35   Thumb Code    12  stm32l0xx_hal.o(i.HAL_DBGMCU_DisableDBGSleepMode)
    HAL_DBGMCU_DisableDBGStandbyMode         0x08000d45   Thumb Code    12  stm32l0xx_hal.o(i.HAL_DBGMCU_DisableDBGStandbyMode)
    HAL_DBGMCU_DisableDBGStopMode            0x08000d55   Thumb Code    12  stm32l0xx_hal.o(i.HAL_DBGMCU_DisableDBGStopMode)
    HAL_DMA_Abort_IT                         0x08000d65   Thumb Code    76  stm32l0xx_hal_dma.o(i.HAL_DMA_Abort_IT)
    HAL_DMA_IRQHandler                       0x08000db1   Thumb Code   168  stm32l0xx_hal_dma.o(i.HAL_DMA_IRQHandler)
    HAL_DMA_Init                             0x08000e59   Thumb Code   132  stm32l0xx_hal_dma.o(i.HAL_DMA_Init)
    HAL_DMA_Start_IT                         0x08000ee9   Thumb Code   104  stm32l0xx_hal_dma.o(i.HAL_DMA_Start_IT)
    HAL_Delay                                0x08000f51   Thumb Code    10  mlm32l0xx_hal_msp.o(i.HAL_Delay)
    HAL_GPIO_EXTI_Callback                   0x08000f5b   Thumb Code     8  mlm32l0xx_hal_msp.o(i.HAL_GPIO_EXTI_Callback)
    HAL_GPIO_EXTI_IRQHandler                 0x08000f65   Thumb Code    18  stm32l0xx_hal_gpio.o(i.HAL_GPIO_EXTI_IRQHandler)
    HAL_GPIO_Init                            0x08000f7d   Thumb Code   356  stm32l0xx_hal_gpio.o(i.HAL_GPIO_Init)
    HAL_GPIO_TogglePin                       0x08001101   Thumb Code     8  stm32l0xx_hal_gpio.o(i.HAL_GPIO_TogglePin)
    HAL_GPIO_WritePin                        0x08001109   Thumb Code    12  stm32l0xx_hal_gpio.o(i.HAL_GPIO_WritePin)
    HAL_GetTick                              0x08001115   Thumb Code     6  stm32l0xx_hal.o(i.HAL_GetTick)
    HAL_IncTick                              0x08001121   Thumb Code    10  stm32l0xx_hal.o(i.HAL_IncTick)
    HAL_Init                                 0x08001131   Thumb Code    36  stm32l0xx_hal.o(i.HAL_Init)
    HAL_InitTick                             0x08001159   Thumb Code     4  mlm32l0xx_hal_msp.o(i.HAL_InitTick)
    HAL_MspInit                              0x0800115d   Thumb Code    40  mlm32l0xx_hal_msp.o(i.HAL_MspInit)
    HAL_NVIC_EnableIRQ                       0x0800118d   Thumb Code    18  stm32l0xx_hal_cortex.o(i.HAL_NVIC_EnableIRQ)
    HAL_NVIC_SetPriority                     0x080011a5   Thumb Code     8  stm32l0xx_hal_cortex.o(i.HAL_NVIC_SetPriority)
    HAL_PWREx_EnableFastWakeUp               0x080011ad   Thumb Code    12  stm32l0xx_hal_pwr_ex.o(i.HAL_PWREx_EnableFastWakeUp)
    HAL_PWREx_EnableUltraLowPower            0x080011bd   Thumb Code    12  stm32l0xx_hal_pwr_ex.o(i.HAL_PWREx_EnableUltraLowPower)
    HAL_PWR_DisablePVD                       0x080011cd   Thumb Code    12  stm32l0xx_hal_pwr.o(i.HAL_PWR_DisablePVD)
    HAL_PWR_EnterSLEEPMode                   0x080011dd   Thumb Code    40  stm32l0xx_hal_pwr.o(i.HAL_PWR_EnterSLEEPMode)
    HAL_PWR_EnterSTOPMode                    0x0800120d   Thumb Code    44  stm32l0xx_hal_pwr.o(i.HAL_PWR_EnterSTOPMode)
    HAL_RCCEx_PeriphCLKConfig                0x08001241   Thumb Code   382  stm32l0xx_hal_rcc_ex.o(i.HAL_RCCEx_PeriphCLKConfig)
    HAL_RCC_ClockConfig                      0x080013cd   Thumb Code   344  stm32l0xx_hal_rcc.o(i.HAL_RCC_ClockConfig)
    HAL_RCC_GetPCLK1Freq                     0x08001539   Thumb Code    20  stm32l0xx_hal_rcc.o(i.HAL_RCC_GetPCLK1Freq)
    HAL_RCC_GetPCLK2Freq                     0x08001559   Thumb Code    20  stm32l0xx_hal_rcc.o(i.HAL_RCC_GetPCLK2Freq)
    HAL_RCC_GetSysClockFreq                  0x08001579   Thumb Code   100  stm32l0xx_hal_rcc.o(i.HAL_RCC_GetSysClockFreq)
    HAL_RCC_OscConfig                        0x080015f1   Thumb Code  1174  stm32l0xx_hal_rcc.o(i.HAL_RCC_OscConfig)
    HAL_RTCEx_EnableBypassShadow             0x08001a87   Thumb Code    60  stm32l0xx_hal_rtc_ex.o(i.HAL_RTCEx_EnableBypassShadow)
    HAL_RTC_AlarmAEventCallback              0x08001ac3   Thumb Code     8  mlm32l0xx_hal_msp.o(i.HAL_RTC_AlarmAEventCallback)
    HAL_RTC_DeactivateAlarm                  0x08001acb   Thumb Code   184  stm32l0xx_hal_rtc.o(i.HAL_RTC_DeactivateAlarm)
    HAL_RTC_GetDate                          0x08001b83   Thumb Code    68  stm32l0xx_hal_rtc.o(i.HAL_RTC_GetDate)
    HAL_RTC_GetTime                          0x08001bc9   Thumb Code    88  stm32l0xx_hal_rtc.o(i.HAL_RTC_GetTime)
    HAL_RTC_Init                             0x08001c25   Thumb Code   184  stm32l0xx_hal_rtc.o(i.HAL_RTC_Init)
    HAL_RTC_MspInit                          0x08001ce1   Thumb Code   102  mlm32l0xx_hal_msp.o(i.HAL_RTC_MspInit)
    HAL_RTC_SetAlarm_IT                      0x08001d4d   Thumb Code   390  stm32l0xx_hal_rtc.o(i.HAL_RTC_SetAlarm_IT)
    HAL_RTC_SetDate                          0x08001edd   Thumb Code   190  stm32l0xx_hal_rtc.o(i.HAL_RTC_SetDate)
    HAL_RTC_SetTime                          0x08001fa1   Thumb Code   228  stm32l0xx_hal_rtc.o(i.HAL_RTC_SetTime)
    HAL_RTC_WaitForSynchro                   0x08002089   Thumb Code    52  stm32l0xx_hal_rtc.o(i.HAL_RTC_WaitForSynchro)
    HAL_SPI_Init                             0x080020bd   Thumb Code   128  stm32l0xx_hal_spi.o(i.HAL_SPI_Init)
    HAL_SPI_MspInit                          0x0800213d   Thumb Code     2  stm32l0xx_hal_spi.o(i.HAL_SPI_MspInit)
    HAL_SPI_TransmitReceive                  0x0800213f   Thumb Code   496  stm32l0xx_hal_spi.o(i.HAL_SPI_TransmitReceive)
    HAL_UARTEx_WakeupCallback                0x0800232f   Thumb Code     2  stm32l0xx_hal_uart_ex.o(i.HAL_UARTEx_WakeupCallback)
    HAL_UART_ErrorCallback                   0x08002331   Thumb Code     2  stm32l0xx_hal_uart.o(i.HAL_UART_ErrorCallback)
    HAL_UART_IRQHandler                      0x08002335   Thumb Code   310  stm32l0xx_hal_uart.o(i.HAL_UART_IRQHandler)
    HAL_UART_Init                            0x08002471   Thumb Code   106  stm32l0xx_hal_uart.o(i.HAL_UART_Init)
    HAL_UART_MspInit                         0x080024dd   Thumb Code   140  vcom.o(i.HAL_UART_MspInit)
    HAL_UART_Transmit_DMA                    0x08002579   Thumb Code   158  stm32l0xx_hal_uart.o(i.HAL_UART_Transmit_DMA)
    HAL_UART_TxCpltCallback                  0x08002625   Thumb Code     6  vcom.o(i.HAL_UART_TxCpltCallback)
    HAL_UART_TxHalfCpltCallback              0x08002631   Thumb Code     2  stm32l0xx_hal_uart.o(i.HAL_UART_TxHalfCpltCallback)
    HW_AdcDeInit                             0x08002635   Thumb Code    16  mlm32l0xx_hw.o(i.HW_AdcDeInit)
    HW_AdcInit                               0x0800264d   Thumb Code    78  mlm32l0xx_hw.o(i.HW_AdcInit)
    HW_GPIO_Init                             0x080026e5   Thumb Code    80  hw_gpio.o(i.HW_GPIO_Init)
    HW_GPIO_IrqHandler                       0x08002739   Thumb Code    22  hw_gpio.o(i.HW_GPIO_IrqHandler)
    HW_GPIO_SetIrq                           0x08002755   Thumb Code    56  hw_gpio.o(i.HW_GPIO_SetIrq)
    HW_GPIO_Write                            0x08002791   Thumb Code    10  hw_gpio.o(i.HW_GPIO_Write)
    HW_GpioInit                              0x0800279d   Thumb Code   150  mlm32l0xx_hw.o(i.HW_GpioInit)
    HW_Init                                  0x0800284d   Thumb Code    62  mlm32l0xx_hw.o(i.HW_Init)
    HW_RTC_DelayMs                           0x08002895   Thumb Code    38  hw_rtc.o(i.HW_RTC_DelayMs)
    HW_RTC_GetMinimumTimeout                 0x08002971   Thumb Code     4  hw_rtc.o(i.HW_RTC_GetMinimumTimeout)
    HW_RTC_GetTimerContext                   0x08002975   Thumb Code     6  hw_rtc.o(i.HW_RTC_GetTimerContext)
    HW_RTC_GetTimerElapsedTime               0x08002981   Thumb Code    22  hw_rtc.o(i.HW_RTC_GetTimerElapsedTime)
    HW_RTC_GetTimerValue                     0x0800299d   Thumb Code    16  hw_rtc.o(i.HW_RTC_GetTimerValue)
    HW_RTC_Init                              0x080029ad   Thumb Code    34  hw_rtc.o(i.HW_RTC_Init)
    HW_RTC_IrqHandler                        0x080029d9   Thumb Code    54  hw_rtc.o(i.HW_RTC_IrqHandler)
    HW_RTC_SetAlarm                          0x08002a19   Thumb Code    56  hw_rtc.o(i.HW_RTC_SetAlarm)
    HW_RTC_SetTimerContext                   0x08002ab5   Thumb Code    18  hw_rtc.o(i.HW_RTC_SetTimerContext)
    HW_RTC_StopAlarm                         0x08002be5   Thumb Code    36  hw_rtc.o(i.HW_RTC_StopAlarm)
    HW_RTC_Tick2ms                           0x08002c11   Thumb Code    20  hw_rtc.o(i.HW_RTC_Tick2ms)
    HW_RTC_ms2Tick                           0x08002c25   Thumb Code    16  hw_rtc.o(i.HW_RTC_ms2Tick)
    HW_SPI_InOut                             0x08002c35   Thumb Code    28  hw_spi.o(i.HW_SPI_InOut)
    HW_SPI_Init                              0x08002c55   Thumb Code   112  hw_spi.o(i.HW_SPI_Init)
    HW_SPI_IoInit                            0x08002cd9   Thumb Code    92  hw_spi.o(i.HW_SPI_IoInit)
    HardFault_Handler                        0x08002d39   Thumb Code     4  mlm32l0xx_it.o(i.HardFault_Handler)
    LPM_EnterLowPower                        0x08002d3d   Thumb Code    46  low_power_manager.o(i.LPM_EnterLowPower)
    LPM_EnterOffMode                         0x08002d71   Thumb Code     2  low_power_manager.o(i.LPM_EnterOffMode)
    LPM_EnterSleepMode                       0x08002d73   Thumb Code    12  mlm32l0xx_hw.o(i.LPM_EnterSleepMode)
    LPM_EnterStopMode                        0x08002d81   Thumb Code   112  mlm32l0xx_hw.o(i.LPM_EnterStopMode)
    LPM_ExitOffMode                          0x08002dfd   Thumb Code     2  low_power_manager.o(i.LPM_ExitOffMode)
    LPM_ExitSleepMode                        0x08002dff   Thumb Code     2  low_power_manager.o(i.LPM_ExitSleepMode)
    LPM_ExitStopMode                         0x08002e01   Thumb Code    78  mlm32l0xx_hw.o(i.LPM_ExitStopMode)
    LPM_GetMode                              0x08002e59   Thumb Code    36  low_power_manager.o(i.LPM_GetMode)
    LPM_SetOffMode                           0x08002e81   Thumb Code    34  low_power_manager.o(i.LPM_SetOffMode)
    LPM_SetStopMode                          0x08002ea9   Thumb Code    34  low_power_manager.o(i.LPM_SetStopMode)
    MSP_GetIRQn                              0x08002ed1   Thumb Code    48  mlm32l0xx_hal_msp.o(i.MSP_GetIRQn)
    NMI_Handler                              0x08002f01   Thumb Code     2  mlm32l0xx_it.o(i.NMI_Handler)
    OnRxDone                                 0x08002f05   Thumb Code    56  main.o(i.OnRxDone)
    OnRxError                                0x08002f75   Thumb Code    22  main.o(i.OnRxError)
    OnRxTimeout                              0x08002fa1   Thumb Code    22  main.o(i.OnRxTimeout)
    OnTxDone                                 0x08002fd1   Thumb Code    22  main.o(i.OnTxDone)
    OnTxTimeout                              0x08002ffd   Thumb Code    22  main.o(i.OnTxTimeout)
    PendSV_Handler                           0x08003055   Thumb Code     2  mlm32l0xx_it.o(i.PendSV_Handler)
    RTC_Bcd2ToByte                           0x08003057   Thumb Code    16  stm32l0xx_hal_rtc.o(i.RTC_Bcd2ToByte)
    RTC_ByteToBcd2                           0x08003067   Thumb Code    24  stm32l0xx_hal_rtc.o(i.RTC_ByteToBcd2)
    RTC_EnterInitMode                        0x0800307f   Thumb Code    56  stm32l0xx_hal_rtc.o(i.RTC_EnterInitMode)
    RTC_IRQHandler                           0x080030b7   Thumb Code     8  mlm32l0xx_it.o(i.RTC_IRQHandler)
    RxChainCalibration                       0x080030c1   Thumb Code   138  sx1276.o(i.RxChainCalibration)
    SVC_Handler                              0x08003223   Thumb Code     2  mlm32l0xx_it.o(i.SVC_Handler)
    SX1276BoardInit                          0x08003225   Thumb Code     6  sx1276.o(i.SX1276BoardInit)
    SX1276CheckRfFrequency                   0x08003231   Thumb Code     4  mlm32l07x01.o(i.SX1276CheckRfFrequency)
    SX1276GetPaSelect                        0x08003235   Thumb Code    12  mlm32l07x01.o(i.SX1276GetPaSelect)
    SX1276GetStatus                          0x08003241   Thumb Code     6  sx1276.o(i.SX1276GetStatus)
    SX1276GetTimeOnAir                       0x0800324d   Thumb Code   444  sx1276.o(i.SX1276GetTimeOnAir)
    SX1276GetWakeTime                        0x08003431   Thumb Code     4  mlm32l07x01.o(i.SX1276GetWakeTime)
    SX1276GetWakeupTime                      0x08003435   Thumb Code    14  sx1276.o(i.SX1276GetWakeupTime)
    SX1276Init                               0x08003449   Thumb Code   122  sx1276.o(i.SX1276Init)
    SX1276IoDeInit                           0x080034d5   Thumb Code    68  mlm32l07x01.o(i.SX1276IoDeInit)
    SX1276IoInit                             0x08003525   Thumb Code   100  mlm32l07x01.o(i.SX1276IoInit)
    SX1276IoIrqInit                          0x08003599   Thumb Code    58  mlm32l07x01.o(i.SX1276IoIrqInit)
    SX1276IsChannelFree                      0x080035dd   Thumb Code    90  sx1276.o(i.SX1276IsChannelFree)
    SX1276OnDio0Irq                          0x0800363d   Thumb Code   560  sx1276.o(i.SX1276OnDio0Irq)
    SX1276OnDio1Irq                          0x0800387d   Thumb Code   204  sx1276.o(i.SX1276OnDio1Irq)
    SX1276OnDio2Irq                          0x08003951   Thumb Code   166  sx1276.o(i.SX1276OnDio2Irq)
    SX1276OnDio3Irq                          0x08003a05   Thumb Code    76  sx1276.o(i.SX1276OnDio3Irq)
    SX1276OnDio4Irq                          0x08003a59   Thumb Code    24  sx1276.o(i.SX1276OnDio4Irq)
    SX1276OnTimeoutIrq                       0x08003a75   Thumb Code   188  sx1276.o(i.SX1276OnTimeoutIrq)
    SX1276Random                             0x08003b3d   Thumb Code    62  sx1276.o(i.SX1276Random)
    SX1276Read                               0x08003b7b   Thumb Code    16  sx1276.o(i.SX1276Read)
    SX1276ReadBuffer                         0x08003b8b   Thumb Code    66  sx1276.o(i.SX1276ReadBuffer)
    SX1276ReadFifo                           0x08003bcd   Thumb Code    14  sx1276.o(i.SX1276ReadFifo)
    SX1276ReadRssi                           0x08003bdd   Thumb Code    58  sx1276.o(i.SX1276ReadRssi)
    SX1276Reset                              0x08003c21   Thumb Code    74  sx1276.o(i.SX1276Reset)
    SX1276Send                               0x08003c71   Thumb Code   230  sx1276.o(i.SX1276Send)
    SX1276SetAntSw                           0x08003d61   Thumb Code    60  mlm32l07x01.o(i.SX1276SetAntSw)
    SX1276SetAntSwLowPower                   0x08003da5   Thumb Code   110  mlm32l07x01.o(i.SX1276SetAntSwLowPower)
    SX1276SetChannel                         0x08003e19   Thumb Code    72  sx1276.o(i.SX1276SetChannel)
    SX1276SetMaxPayloadLength                0x08003e69   Thumb Code    42  sx1276.o(i.SX1276SetMaxPayloadLength)
    SX1276SetModem                           0x08003e99   Thumb Code   110  sx1276.o(i.SX1276SetModem)
    SX1276SetOpMode                          0x08003f0d   Thumb Code    86  sx1276.o(i.SX1276SetOpMode)
    SX1276SetPublicNetwork                   0x08003f69   Thumb Code    32  sx1276.o(i.SX1276SetPublicNetwork)
    SX1276SetRfTxPower                       0x08003f8d   Thumb Code   166  mlm32l07x01.o(i.SX1276SetRfTxPower)
    SX1276SetRx                              0x08004035   Thumb Code   478  sx1276.o(i.SX1276SetRx)
    SX1276SetRxConfig                        0x08004235   Thumb Code   628  sx1276.o(i.SX1276SetRxConfig)
    SX1276SetSleep                           0x080044bd   Thumb Code    50  sx1276.o(i.SX1276SetSleep)
    SX1276SetStby                            0x080044f9   Thumb Code    40  sx1276.o(i.SX1276SetStby)
    SX1276SetTx                              0x08004525   Thumb Code   170  sx1276.o(i.SX1276SetTx)
    SX1276SetTxConfig                        0x080045d5   Thumb Code   490  sx1276.o(i.SX1276SetTxConfig)
    SX1276SetTxContinuousWave                0x080047d1   Thumb Code   120  sx1276.o(i.SX1276SetTxContinuousWave)
    SX1276SetXO                              0x0800484d   Thumb Code    40  mlm32l07x01.o(i.SX1276SetXO)
    SX1276StartCad                           0x08004875   Thumb Code    50  sx1276.o(i.SX1276StartCad)
    SX1276Write                              0x080048ad   Thumb Code    12  sx1276.o(i.SX1276Write)
    SX1276WriteBuffer                        0x080048b9   Thumb Code    66  sx1276.o(i.SX1276WriteBuffer)
    SX1276WriteFifo                          0x080048fb   Thumb Code    14  sx1276.o(i.SX1276WriteFifo)
    SysTick_Handler                          0x08004909   Thumb Code     8  mlm32l0xx_it.o(i.SysTick_Handler)
    SystemClock_Config                       0x08004911   Thumb Code   130  mlm32l0xx_hw.o(i.SystemClock_Config)
    SystemInit                               0x0800499d   Thumb Code    66  system_stm32l0xx.o(i.SystemInit)
    TimerGetCurrentTime                      0x080049f1   Thumb Code    12  timeserver.o(i.TimerGetCurrentTime)
    TimerGetElapsedTime                      0x080049fd   Thumb Code    30  timeserver.o(i.TimerGetElapsedTime)
    TimerInit                                0x08004a1b   Thumb Code    18  timeserver.o(i.TimerInit)
    TimerIrqHandler                          0x08004a49   Thumb Code   122  timeserver.o(i.TimerIrqHandler)
    TimerSetValue                            0x08004af5   Thumb Code    34  timeserver.o(i.TimerSetValue)
    TimerStart                               0x08004b19   Thumb Code   112  timeserver.o(i.TimerStart)
    TimerStop                                0x08004b8d   Thumb Code    96  timeserver.o(i.TimerStop)
    TraceInit                                0x08004bf1   Thumb Code    24  trace.o(i.TraceInit)
    TraceSend                                0x08004c11   Thumb Code   106  trace.o(i.TraceSend)
    UART_AdvFeatureConfig                    0x08004cd5   Thumb Code   202  stm32l0xx_hal_uart.o(i.UART_AdvFeatureConfig)
    UART_CheckIdleState                      0x08004da1   Thumb Code    90  stm32l0xx_hal_uart.o(i.UART_CheckIdleState)
    UART_SetConfig                           0x08004ec9   Thumb Code   518  stm32l0xx_hal_uart.o(i.UART_SetConfig)
    UART_WaitOnFlagUntilTimeout              0x08005105   Thumb Code    98  stm32l0xx_hal_uart.o(i.UART_WaitOnFlagUntilTimeout)
    USART2_IRQHandler                        0x08005167   Thumb Code     8  mlm32l0xx_it.o(i.USART2_IRQHandler)
    __0vsnprintf                             0x08005171   Thumb Code    40  printfa.o(i.__0vsnprintf)
    __1vsnprintf                             0x08005171   Thumb Code     0  printfa.o(i.__0vsnprintf)
    __2vsnprintf                             0x08005171   Thumb Code     0  printfa.o(i.__0vsnprintf)
    __c89vsnprintf                           0x08005171   Thumb Code     0  printfa.o(i.__0vsnprintf)
    vsnprintf                                0x08005171   Thumb Code     0  printfa.o(i.__0vsnprintf)
    __ARM_clz                                0x0800519d   Thumb Code    46  depilogue.o(i.__ARM_clz)
    __ARM_common_switch8                     0x080051cb   Thumb Code    26  sx1276.o(i.__ARM_common_switch8)
    __scatterload_copy                       0x08005229   Thumb Code    14  handlers.o(i.__scatterload_copy)
    __scatterload_null                       0x08005237   Thumb Code     2  handlers.o(i.__scatterload_null)
    __scatterload_zeroinit                   0x08005239   Thumb Code    14  handlers.o(i.__scatterload_zeroinit)
    ceil                                     0x08005b3d   Thumb Code   180  ceil.o(i.ceil)
    circular_queue_add                       0x08005c05   Thumb Code   208  queue.o(i.circular_queue_add)
    circular_queue_get                       0x08005cd5   Thumb Code    58  queue.o(i.circular_queue_get)
    circular_queue_init                      0x08005d0f   Thumb Code    16  queue.o(i.circular_queue_init)
    circular_queue_remove                    0x08005d1f   Thumb Code    80  queue.o(i.circular_queue_remove)
    circular_queue_sense                     0x08005d6f   Thumb Code    16  queue.o(i.circular_queue_sense)
    floor                                    0x08005d81   Thumb Code   180  floor.o(i.floor)
    main                                     0x08005e49   Thumb Code   512  main.o(i.main)
    memcpy1                                  0x08006091   Thumb Code    22  utilities.o(i.memcpy1)
    round                                    0x080060bd   Thumb Code   142  round.o(i.round)
    vcom_DMA_TX_IRQHandler                   0x08006159   Thumb Code    12  vcom.o(i.vcom_DMA_TX_IRQHandler)
    vcom_IRQHandler                          0x08006169   Thumb Code    10  vcom.o(i.vcom_IRQHandler)
    vcom_Init                                0x08006179   Thumb Code    46  vcom.o(i.vcom_Init)
    vcom_IoDeInit                            0x080061b5   Thumb Code    68  vcom.o(i.vcom_IoDeInit)
    vcom_IoInit                              0x080061fd   Thumb Code    88  vcom.o(i.vcom_IoInit)
    vcom_Trace                               0x08006259   Thumb Code    14  vcom.o(i.vcom_Trace)
    RadioRegsInit                            0x0800626c   Data          48  sx1276.o(.constdata)
    FskBandwidths                            0x0800629c   Data         176  sx1276.o(.constdata)
    Radio                                    0x0800634c   Data         116  mlm32l07x01.o(.constdata)
    BUTTON_IRQn                              0x080063c0   Data           1  b-l072z-lrwan1.o(.constdata)
    BUTTON_PIN                               0x080063c2   Data           2  b-l072z-lrwan1.o(.constdata)
    LED_PIN                                  0x080063c4   Data           8  b-l072z-lrwan1.o(.constdata)
    AHBPrescTable                            0x080063cc   Data          16  system_stm32l0xx.o(.constdata)
    PLLMulTable                              0x080063dc   Data           9  system_stm32l0xx.o(.constdata)
    APBPrescTable                            0x080063e5   Data           8  system_stm32l0xx.o(.constdata)
    PingMsg                                  0x08006405   Data           5  main.o(.constdata)
    PongMsg                                  0x0800640a   Data           5  main.o(.constdata)
    Region$$Table$$Base                      0x08006410   Number         0  anon$$obj.o(Region$$Table)
    Region$$Table$$Limit                     0x08006430   Number         0  anon$$obj.o(Region$$Table)
    DioIrq                                   0x20000008   Data          24  sx1276.o(.data)
    BUTTON_PORT                              0x20000038   Data           4  b-l072z-lrwan1.o(.data)
    LED_PORT                                 0x2000003c   Data          16  b-l072z-lrwan1.o(.data)
    SystemCoreClock                          0x2000004c   Data           4  system_stm32l0xx.o(.data)
    uwTick                                   0x20000050   Data           4  stm32l0xx_hal.o(.data)
    State                                    0x20000058   Data           1  main.o(.data)
    RssiValue                                0x20000059   Data           1  main.o(.data)
    SnrValue                                 0x2000005a   Data           1  main.o(.data)
    BufferSize                               0x2000005c   Data           2  main.o(.data)
    TracePeripheralReady                     0x20000074   Data           1  trace.o(.data)
    SX1276                                   0x20000178   Data         104  sx1276.o(.bss)
    TxTimeoutTimer                           0x200001e0   Data          24  sx1276.o(.bss)
    RxTimeoutTimer                           0x200001f8   Data          24  sx1276.o(.bss)
    RxTimeoutSyncWord                        0x20000210   Data          24  sx1276.o(.bss)
    Buffer                                   0x20000328   Data          64  main.o(.bss)
    __initial_sp                             0x200009d0   Data           0  startup_stm32l072xx.o(STACK)



==============================================================================

Memory Map of the image

  Image Entry point : 0x080000c1

  Load Region LR_IROM1 (Base: 0x08000000, Size: 0x000064a8, Max: 0x00030000, ABSOLUTE)

    Execution Region ER_IROM1 (Exec base: 0x08000000, Load base: 0x08000000, Size: 0x00006430, Max: 0x00030000, ABSOLUTE)

    Exec Addr    Load Addr    Size         Type   Attr      Idx    E Section Name        Object

    0x08000000   0x08000000   0x000000c0   Data   RO         3949    RESET               startup_stm32l072xx.o
    0x080000c0   0x080000c0   0x00000000   Code   RO         5005  * .ARM.Collect$$$$00000000  mc_p.l(entry.o)
    0x080000c0   0x080000c0   0x00000004   Code   RO         5082    .ARM.Collect$$$$00000001  mc_p.l(entry2.o)
    0x080000c4   0x080000c4   0x00000004   Code   RO         5085    .ARM.Collect$$$$00000004  mc_p.l(entry5.o)
    0x080000c8   0x080000c8   0x00000000   Code   RO         5087    .ARM.Collect$$$$00000008  mc_p.l(entry7b.o)
    0x080000c8   0x080000c8   0x00000000   Code   RO         5089    .ARM.Collect$$$$0000000A  mc_p.l(entry8b.o)
    0x080000c8   0x080000c8   0x00000008   Code   RO         5090    .ARM.Collect$$$$0000000B  mc_p.l(entry9a.o)
    0x080000d0   0x080000d0   0x00000000   Code   RO         5092    .ARM.Collect$$$$0000000D  mc_p.l(entry10a.o)
    0x080000d0   0x080000d0   0x00000000   Code   RO         5094    .ARM.Collect$$$$0000000F  mc_p.l(entry11a.o)
    0x080000d0   0x080000d0   0x00000004   Code   RO         5083    .ARM.Collect$$$$00002712  mc_p.l(entry2.o)
    0x080000d4   0x080000d4   0x0000001c   Code   RO         3950    .text               startup_stm32l072xx.o
    0x080000f0   0x080000f0   0x0000002c   Code   RO         5008    .text               mc_p.l(uidiv.o)
    0x0800011c   0x0800011c   0x00000060   Code   RO         5012    .text               mc_p.l(uldiv.o)
    0x0800017c   0x0800017c   0x00000024   Code   RO         5014    .text               mc_p.l(memcpya.o)
    0x080001a0   0x080001a0   0x00000024   Code   RO         5016    .text               mc_p.l(memseta.o)
    0x080001c4   0x080001c4   0x0000001e   Code   RO         5018    .text               mc_p.l(strncmp.o)
    0x080001e2   0x080001e2   0x00000002   PAD
    0x080001e4   0x080001e4   0x00000164   Code   RO         5058    .text               mf_p.l(dadd.o)
    0x08000348   0x08000348   0x000000d0   Code   RO         5060    .text               mf_p.l(dmul.o)
    0x08000418   0x08000418   0x000000f0   Code   RO         5062    .text               mf_p.l(ddiv.o)
    0x08000508   0x08000508   0x0000002c   Code   RO         5064    .text               mf_p.l(dscalb.o)
    0x08000534   0x08000534   0x00000028   Code   RO         5068    .text               mf_p.l(dflti.o)
    0x0800055c   0x0800055c   0x0000001c   Code   RO         5070    .text               mf_p.l(dfltui.o)
    0x08000578   0x08000578   0x0000003c   Code   RO         5074    .text               mf_p.l(dfixui.o)
    0x080005b4   0x080005b4   0x00000028   Code   RO         5078    .text               mf_p.l(cdrcmple.o)
    0x080005dc   0x080005dc   0x00000020   Code   RO         5099    .text               mc_p.l(llshl.o)
    0x080005fc   0x080005fc   0x00000022   Code   RO         5101    .text               mc_p.l(llushr.o)
    0x0800061e   0x0800061e   0x00000026   Code   RO         5103    .text               mc_p.l(llsshr.o)
    0x08000644   0x08000644   0x00000000   Code   RO         5105    .text               mc_p.l(iusefp.o)
    0x08000644   0x08000644   0x000000be   Code   RO         5108    .text               mf_p.l(depilogue.o)
    0x08000702   0x08000702   0x00000002   PAD
    0x08000704   0x08000704   0x0000007c   Code   RO         5112    .text               mf_p.l(drnd.o)
    0x08000780   0x08000780   0x00000040   Code   RO         5114    .text               mf_p.l(dfixul.o)
    0x080007c0   0x080007c0   0x00000028   Code   RO         5116    .text               mf_p.l(cdcmple.o)
    0x080007e8   0x080007e8   0x00000024   Code   RO         5118    .text               mc_p.l(init.o)
    0x0800080c   0x0800080c   0x00000052   Code   RO         1300    i.ADC_ConversionStop  stm32l0xx_hal_adc.o
    0x0800085e   0x0800085e   0x00000060   Code   RO         1305    i.ADC_Disable       stm32l0xx_hal_adc.o
    0x080008be   0x080008be   0x00000002   PAD
    0x080008c0   0x080008c0   0x00000064   Code   RO          534    i.BSP_LED_Init      b-l072z-lrwan1.o
    0x08000924   0x08000924   0x00000020   Code   RO          535    i.BSP_LED_Off       b-l072z-lrwan1.o
    0x08000944   0x08000944   0x0000001c   Code   RO          537    i.BSP_LED_Toggle    b-l072z-lrwan1.o
    0x08000960   0x08000960   0x00000060   Code   RO         3956    i.DBG_Init          debug.o
    0x080009c0   0x080009c0   0x00000008   Code   RO         4454    i.DMA1_Channel4_5_6_7_IRQHandler  mlm32l0xx_it.o
    0x080009c8   0x080009c8   0x0000002c   Code   RO         2063    i.DMA_SetConfig     stm32l0xx_hal_dma.o
    0x080009f4   0x080009f4   0x00000010   Code   RO         4456    i.EXTI0_1_IRQHandler  mlm32l0xx_it.o
    0x08000a04   0x08000a04   0x00000010   Code   RO         4457    i.EXTI2_3_IRQHandler  mlm32l0xx_it.o
    0x08000a14   0x08000a14   0x0000005c   Code   RO         4458    i.EXTI4_15_IRQHandler  mlm32l0xx_it.o
    0x08000a70   0x08000a70   0x00000018   Code   RO         3957    i.Error_Handler     debug.o
    0x08000a88   0x08000a88   0x0000002c   Code   RO            3    i.GetFskBandwidthRegValue  sx1276.o
    0x08000ab4   0x08000ab4   0x000000b4   Code   RO         1311    i.HAL_ADC_DeInit    stm32l0xx_hal_adc.o
    0x08000b68   0x08000b68   0x000001c8   Code   RO         1317    i.HAL_ADC_Init      stm32l0xx_hal_adc.o
    0x08000d30   0x08000d30   0x00000002   Code   RO         1319    i.HAL_ADC_MspDeInit  stm32l0xx_hal_adc.o
    0x08000d32   0x08000d32   0x00000002   Code   RO         1320    i.HAL_ADC_MspInit   stm32l0xx_hal_adc.o
    0x08000d34   0x08000d34   0x00000010   Code   RO         1703    i.HAL_DBGMCU_DisableDBGSleepMode  stm32l0xx_hal.o
    0x08000d44   0x08000d44   0x00000010   Code   RO         1704    i.HAL_DBGMCU_DisableDBGStandbyMode  stm32l0xx_hal.o
    0x08000d54   0x08000d54   0x00000010   Code   RO         1705    i.HAL_DBGMCU_DisableDBGStopMode  stm32l0xx_hal.o
    0x08000d64   0x08000d64   0x0000004c   Code   RO         2065    i.HAL_DMA_Abort_IT  stm32l0xx_hal_dma.o
    0x08000db0   0x08000db0   0x000000a8   Code   RO         2069    i.HAL_DMA_IRQHandler  stm32l0xx_hal_dma.o
    0x08000e58   0x08000e58   0x00000090   Code   RO         2070    i.HAL_DMA_Init      stm32l0xx_hal_dma.o
    0x08000ee8   0x08000ee8   0x00000068   Code   RO         2074    i.HAL_DMA_Start_IT  stm32l0xx_hal_dma.o
    0x08000f50   0x08000f50   0x0000000a   Code   RO         4391    i.HAL_Delay         mlm32l0xx_hal_msp.o
    0x08000f5a   0x08000f5a   0x00000008   Code   RO         4392    i.HAL_GPIO_EXTI_Callback  mlm32l0xx_hal_msp.o
    0x08000f62   0x08000f62   0x00000002   PAD
    0x08000f64   0x08000f64   0x00000018   Code   RO         2003    i.HAL_GPIO_EXTI_IRQHandler  stm32l0xx_hal_gpio.o
    0x08000f7c   0x08000f7c   0x00000184   Code   RO         2004    i.HAL_GPIO_Init     stm32l0xx_hal_gpio.o
    0x08001100   0x08001100   0x00000008   Code   RO         2007    i.HAL_GPIO_TogglePin  stm32l0xx_hal_gpio.o
    0x08001108   0x08001108   0x0000000c   Code   RO         2008    i.HAL_GPIO_WritePin  stm32l0xx_hal_gpio.o
    0x08001114   0x08001114   0x0000000c   Code   RO         1714    i.HAL_GetTick       stm32l0xx_hal.o
    0x08001120   0x08001120   0x00000010   Code   RO         1718    i.HAL_IncTick       stm32l0xx_hal.o
    0x08001130   0x08001130   0x00000028   Code   RO         1719    i.HAL_Init          stm32l0xx_hal.o
    0x08001158   0x08001158   0x00000004   Code   RO         4393    i.HAL_InitTick      mlm32l0xx_hal_msp.o
    0x0800115c   0x0800115c   0x00000030   Code   RO         4394    i.HAL_MspInit       mlm32l0xx_hal_msp.o
    0x0800118c   0x0800118c   0x00000018   Code   RO         1894    i.HAL_NVIC_EnableIRQ  stm32l0xx_hal_cortex.o
    0x080011a4   0x080011a4   0x00000008   Code   RO         1898    i.HAL_NVIC_SetPriority  stm32l0xx_hal_cortex.o
    0x080011ac   0x080011ac   0x00000010   Code   RO         2273    i.HAL_PWREx_EnableFastWakeUp  stm32l0xx_hal_pwr_ex.o
    0x080011bc   0x080011bc   0x00000010   Code   RO         2275    i.HAL_PWREx_EnableUltraLowPower  stm32l0xx_hal_pwr_ex.o
    0x080011cc   0x080011cc   0x00000010   Code   RO         2157    i.HAL_PWR_DisablePVD  stm32l0xx_hal_pwr.o
    0x080011dc   0x080011dc   0x00000030   Code   RO         2166    i.HAL_PWR_EnterSLEEPMode  stm32l0xx_hal_pwr.o
    0x0800120c   0x0800120c   0x00000034   Code   RO         2168    i.HAL_PWR_EnterSTOPMode  stm32l0xx_hal_pwr.o
    0x08001240   0x08001240   0x0000018c   Code   RO         1591    i.HAL_RCCEx_PeriphCLKConfig  stm32l0xx_hal_rcc_ex.o
    0x080013cc   0x080013cc   0x0000016c   Code   RO         1482    i.HAL_RCC_ClockConfig  stm32l0xx_hal_rcc.o
    0x08001538   0x08001538   0x00000020   Code   RO         1488    i.HAL_RCC_GetPCLK1Freq  stm32l0xx_hal_rcc.o
    0x08001558   0x08001558   0x00000020   Code   RO         1489    i.HAL_RCC_GetPCLK2Freq  stm32l0xx_hal_rcc.o
    0x08001578   0x08001578   0x00000078   Code   RO         1490    i.HAL_RCC_GetSysClockFreq  stm32l0xx_hal_rcc.o
    0x080015f0   0x080015f0   0x00000496   Code   RO         1493    i.HAL_RCC_OscConfig  stm32l0xx_hal_rcc.o
    0x08001a86   0x08001a86   0x0000003c   Code   RO         2468    i.HAL_RTCEx_EnableBypassShadow  stm32l0xx_hal_rtc_ex.o
    0x08001ac2   0x08001ac2   0x00000008   Code   RO         4395    i.HAL_RTC_AlarmAEventCallback  mlm32l0xx_hal_msp.o
    0x08001aca   0x08001aca   0x000000b8   Code   RO         2329    i.HAL_RTC_DeactivateAlarm  stm32l0xx_hal_rtc.o
    0x08001b82   0x08001b82   0x00000044   Code   RO         2331    i.HAL_RTC_GetDate   stm32l0xx_hal_rtc.o
    0x08001bc6   0x08001bc6   0x00000002   PAD
    0x08001bc8   0x08001bc8   0x0000005c   Code   RO         2333    i.HAL_RTC_GetTime   stm32l0xx_hal_rtc.o
    0x08001c24   0x08001c24   0x000000bc   Code   RO         2334    i.HAL_RTC_Init      stm32l0xx_hal_rtc.o
    0x08001ce0   0x08001ce0   0x0000006c   Code   RO         4397    i.HAL_RTC_MspInit   mlm32l0xx_hal_msp.o
    0x08001d4c   0x08001d4c   0x00000190   Code   RO         2339    i.HAL_RTC_SetAlarm_IT  stm32l0xx_hal_rtc.o
    0x08001edc   0x08001edc   0x000000c4   Code   RO         2340    i.HAL_RTC_SetDate   stm32l0xx_hal_rtc.o
    0x08001fa0   0x08001fa0   0x000000e8   Code   RO         2341    i.HAL_RTC_SetTime   stm32l0xx_hal_rtc.o
    0x08002088   0x08002088   0x00000034   Code   RO         2342    i.HAL_RTC_WaitForSynchro  stm32l0xx_hal_rtc.o
    0x080020bc   0x080020bc   0x00000080   Code   RO          641    i.HAL_SPI_Init      stm32l0xx_hal_spi.o
    0x0800213c   0x0800213c   0x00000002   Code   RO          643    i.HAL_SPI_MspInit   stm32l0xx_hal_spi.o
    0x0800213e   0x0800213e   0x000001f0   Code   RO          650    i.HAL_SPI_TransmitReceive  stm32l0xx_hal_spi.o
    0x0800232e   0x0800232e   0x00000002   Code   RO         3441    i.HAL_UARTEx_WakeupCallback  stm32l0xx_hal_uart_ex.o
    0x08002330   0x08002330   0x00000002   Code   RO          970    i.HAL_UART_ErrorCallback  stm32l0xx_hal_uart.o
    0x08002332   0x08002332   0x00000002   PAD
    0x08002334   0x08002334   0x0000013c   Code   RO          973    i.HAL_UART_IRQHandler  stm32l0xx_hal_uart.o
    0x08002470   0x08002470   0x0000006a   Code   RO          974    i.HAL_UART_Init     stm32l0xx_hal_uart.o
    0x080024da   0x080024da   0x00000002   PAD
    0x080024dc   0x080024dc   0x0000009c   Code   RO         4315    i.HAL_UART_MspInit  vcom.o
    0x08002578   0x08002578   0x000000ac   Code   RO          983    i.HAL_UART_Transmit_DMA  stm32l0xx_hal_uart.o
    0x08002624   0x08002624   0x0000000c   Code   RO         4316    i.HAL_UART_TxCpltCallback  vcom.o
    0x08002630   0x08002630   0x00000002   Code   RO          986    i.HAL_UART_TxHalfCpltCallback  stm32l0xx_hal_uart.o
    0x08002632   0x08002632   0x00000002   PAD
    0x08002634   0x08002634   0x00000018   Code   RO         4560    i.HW_AdcDeInit      mlm32l0xx_hw.o
    0x0800264c   0x0800264c   0x00000060   Code   RO         4561    i.HW_AdcInit        mlm32l0xx_hw.o
    0x080026ac   0x080026ac   0x00000038   Code   RO         3982    i.HW_GPIO_GetBitPos  hw_gpio.o
    0x080026e4   0x080026e4   0x00000054   Code   RO         3983    i.HW_GPIO_Init      hw_gpio.o
    0x08002738   0x08002738   0x0000001c   Code   RO         3984    i.HW_GPIO_IrqHandler  hw_gpio.o
    0x08002754   0x08002754   0x0000003c   Code   RO         3986    i.HW_GPIO_SetIrq    hw_gpio.o
    0x08002790   0x08002790   0x0000000a   Code   RO         3987    i.HW_GPIO_Write     hw_gpio.o
    0x0800279a   0x0800279a   0x00000002   PAD
    0x0800279c   0x0800279c   0x000000b0   Code   RO         4568    i.HW_GpioInit       mlm32l0xx_hw.o
    0x0800284c   0x0800284c   0x00000048   Code   RO         4569    i.HW_Init           mlm32l0xx_hw.o
    0x08002894   0x08002894   0x00000026   Code   RO         4035    i.HW_RTC_DelayMs    hw_rtc.o
    0x080028ba   0x080028ba   0x00000002   PAD
    0x080028bc   0x080028bc   0x000000b4   Code   RO         4037    i.HW_RTC_GetCalendarValue  hw_rtc.o
    0x08002970   0x08002970   0x00000004   Code   RO         4038    i.HW_RTC_GetMinimumTimeout  hw_rtc.o
    0x08002974   0x08002974   0x0000000c   Code   RO         4039    i.HW_RTC_GetTimerContext  hw_rtc.o
    0x08002980   0x08002980   0x0000001c   Code   RO         4040    i.HW_RTC_GetTimerElapsedTime  hw_rtc.o
    0x0800299c   0x0800299c   0x00000010   Code   RO         4041    i.HW_RTC_GetTimerValue  hw_rtc.o
    0x080029ac   0x080029ac   0x0000002c   Code   RO         4042    i.HW_RTC_Init       hw_rtc.o
    0x080029d8   0x080029d8   0x00000040   Code   RO         4043    i.HW_RTC_IrqHandler  hw_rtc.o
    0x08002a18   0x08002a18   0x0000003c   Code   RO         4044    i.HW_RTC_SetAlarm   hw_rtc.o
    0x08002a54   0x08002a54   0x00000060   Code   RO         4045    i.HW_RTC_SetConfig  hw_rtc.o
    0x08002ab4   0x08002ab4   0x00000018   Code   RO         4046    i.HW_RTC_SetTimerContext  hw_rtc.o
    0x08002acc   0x08002acc   0x00000118   Code   RO         4047    i.HW_RTC_StartWakeUpAlarm  hw_rtc.o
    0x08002be4   0x08002be4   0x0000002c   Code   RO         4048    i.HW_RTC_StopAlarm  hw_rtc.o
    0x08002c10   0x08002c10   0x00000014   Code   RO         4049    i.HW_RTC_Tick2ms    hw_rtc.o
    0x08002c24   0x08002c24   0x00000010   Code   RO         4051    i.HW_RTC_ms2Tick    hw_rtc.o
    0x08002c34   0x08002c34   0x00000020   Code   RO         4193    i.HW_SPI_InOut      hw_spi.o
    0x08002c54   0x08002c54   0x00000084   Code   RO         4194    i.HW_SPI_Init       hw_spi.o
    0x08002cd8   0x08002cd8   0x00000060   Code   RO         4196    i.HW_SPI_IoInit     hw_spi.o
    0x08002d38   0x08002d38   0x00000004   Code   RO         4459    i.HardFault_Handler  mlm32l0xx_it.o
    0x08002d3c   0x08002d3c   0x00000034   Code   RO         4664    i.LPM_EnterLowPower  low_power_manager.o
    0x08002d70   0x08002d70   0x00000002   Code   RO         4665    i.LPM_EnterOffMode  low_power_manager.o
    0x08002d72   0x08002d72   0x0000000c   Code   RO         4570    i.LPM_EnterSleepMode  mlm32l0xx_hw.o
    0x08002d7e   0x08002d7e   0x00000002   PAD
    0x08002d80   0x08002d80   0x0000007c   Code   RO         4571    i.LPM_EnterStopMode  mlm32l0xx_hw.o
    0x08002dfc   0x08002dfc   0x00000002   Code   RO         4668    i.LPM_ExitOffMode   low_power_manager.o
    0x08002dfe   0x08002dfe   0x00000002   Code   RO         4669    i.LPM_ExitSleepMode  low_power_manager.o
    0x08002e00   0x08002e00   0x00000058   Code   RO         4572    i.LPM_ExitStopMode  mlm32l0xx_hw.o
    0x08002e58   0x08002e58   0x00000028   Code   RO         4671    i.LPM_GetMode       low_power_manager.o
    0x08002e80   0x08002e80   0x00000028   Code   RO         4672    i.LPM_SetOffMode    low_power_manager.o
    0x08002ea8   0x08002ea8   0x00000028   Code   RO         4673    i.LPM_SetStopMode   low_power_manager.o
    0x08002ed0   0x08002ed0   0x00000030   Code   RO         4398    i.MSP_GetIRQn       mlm32l0xx_hal_msp.o
    0x08002f00   0x08002f00   0x00000002   Code   RO         4461    i.NMI_Handler       mlm32l0xx_it.o
    0x08002f02   0x08002f02   0x00000002   PAD
    0x08002f04   0x08002f04   0x00000070   Code   RO         4238    i.OnRxDone          main.o
    0x08002f74   0x08002f74   0x0000002c   Code   RO         4239    i.OnRxError         main.o
    0x08002fa0   0x08002fa0   0x00000030   Code   RO         4240    i.OnRxTimeout       main.o
    0x08002fd0   0x08002fd0   0x0000002c   Code   RO         4241    i.OnTxDone          main.o
    0x08002ffc   0x08002ffc   0x00000030   Code   RO         4242    i.OnTxTimeout       main.o
    0x0800302c   0x0800302c   0x00000028   Code   RO         4243    i.OnledEvent        main.o
    0x08003054   0x08003054   0x00000002   Code   RO         4462    i.PendSV_Handler    mlm32l0xx_it.o
    0x08003056   0x08003056   0x00000010   Code   RO         2343    i.RTC_Bcd2ToByte    stm32l0xx_hal_rtc.o
    0x08003066   0x08003066   0x00000018   Code   RO         2344    i.RTC_ByteToBcd2    stm32l0xx_hal_rtc.o
    0x0800307e   0x0800307e   0x00000038   Code   RO         2345    i.RTC_EnterInitMode  stm32l0xx_hal_rtc.o
    0x080030b6   0x080030b6   0x00000008   Code   RO         4463    i.RTC_IRQHandler    mlm32l0xx_it.o
    0x080030be   0x080030be   0x00000002   PAD
    0x080030c0   0x080030c0   0x00000094   Code   RO            4    i.RxChainCalibration  sx1276.o
    0x08003154   0x08003154   0x00000042   Code   RO          679    i.SPI_EndRxTxTransaction  stm32l0xx_hal_spi.o
    0x08003196   0x08003196   0x0000008c   Code   RO          684    i.SPI_WaitFlagStateUntilTimeout  stm32l0xx_hal_spi.o
    0x08003222   0x08003222   0x00000002   Code   RO         4464    i.SVC_Handler       mlm32l0xx_it.o
    0x08003224   0x08003224   0x0000000c   Code   RO            5    i.SX1276BoardInit   sx1276.o
    0x08003230   0x08003230   0x00000004   Code   RO          445    i.SX1276CheckRfFrequency  mlm32l07x01.o
    0x08003234   0x08003234   0x0000000c   Code   RO          446    i.SX1276GetPaSelect  mlm32l07x01.o
    0x08003240   0x08003240   0x0000000c   Code   RO            6    i.SX1276GetStatus   sx1276.o
    0x0800324c   0x0800324c   0x000001e4   Code   RO            7    i.SX1276GetTimeOnAir  sx1276.o
    0x08003430   0x08003430   0x00000004   Code   RO          447    i.SX1276GetWakeTime  mlm32l07x01.o
    0x08003434   0x08003434   0x00000014   Code   RO            8    i.SX1276GetWakeupTime  sx1276.o
    0x08003448   0x08003448   0x0000008c   Code   RO            9    i.SX1276Init        sx1276.o
    0x080034d4   0x080034d4   0x00000050   Code   RO          448    i.SX1276IoDeInit    mlm32l07x01.o
    0x08003524   0x08003524   0x00000074   Code   RO          449    i.SX1276IoInit      mlm32l07x01.o
    0x08003598   0x08003598   0x00000044   Code   RO          450    i.SX1276IoIrqInit   mlm32l07x01.o
    0x080035dc   0x080035dc   0x00000060   Code   RO           10    i.SX1276IsChannelFree  sx1276.o
    0x0800363c   0x0800363c   0x00000240   Code   RO           11    i.SX1276OnDio0Irq   sx1276.o
    0x0800387c   0x0800387c   0x000000d4   Code   RO           12    i.SX1276OnDio1Irq   sx1276.o
    0x08003950   0x08003950   0x000000b4   Code   RO           13    i.SX1276OnDio2Irq   sx1276.o
    0x08003a04   0x08003a04   0x00000054   Code   RO           14    i.SX1276OnDio3Irq   sx1276.o
    0x08003a58   0x08003a58   0x0000001c   Code   RO           15    i.SX1276OnDio4Irq   sx1276.o
    0x08003a74   0x08003a74   0x000000c8   Code   RO           17    i.SX1276OnTimeoutIrq  sx1276.o
    0x08003b3c   0x08003b3c   0x0000003e   Code   RO           18    i.SX1276Random      sx1276.o
    0x08003b7a   0x08003b7a   0x00000010   Code   RO           19    i.SX1276Read        sx1276.o
    0x08003b8a   0x08003b8a   0x00000042   Code   RO           20    i.SX1276ReadBuffer  sx1276.o
    0x08003bcc   0x08003bcc   0x0000000e   Code   RO           21    i.SX1276ReadFifo    sx1276.o
    0x08003bda   0x08003bda   0x00000002   PAD
    0x08003bdc   0x08003bdc   0x00000044   Code   RO           22    i.SX1276ReadRssi    sx1276.o
    0x08003c20   0x08003c20   0x00000050   Code   RO           23    i.SX1276Reset       sx1276.o
    0x08003c70   0x08003c70   0x000000f0   Code   RO           24    i.SX1276Send        sx1276.o
    0x08003d60   0x08003d60   0x00000044   Code   RO          451    i.SX1276SetAntSw    mlm32l07x01.o
    0x08003da4   0x08003da4   0x00000074   Code   RO          452    i.SX1276SetAntSwLowPower  mlm32l07x01.o
    0x08003e18   0x08003e18   0x00000050   Code   RO           25    i.SX1276SetChannel  sx1276.o
    0x08003e68   0x08003e68   0x00000030   Code   RO           26    i.SX1276SetMaxPayloadLength  sx1276.o
    0x08003e98   0x08003e98   0x00000074   Code   RO           27    i.SX1276SetModem    sx1276.o
    0x08003f0c   0x08003f0c   0x0000005c   Code   RO           28    i.SX1276SetOpMode   sx1276.o
    0x08003f68   0x08003f68   0x00000024   Code   RO           29    i.SX1276SetPublicNetwork  sx1276.o
    0x08003f8c   0x08003f8c   0x000000a6   Code   RO          453    i.SX1276SetRfTxPower  mlm32l07x01.o
    0x08004032   0x08004032   0x00000002   PAD
    0x08004034   0x08004034   0x00000200   Code   RO           30    i.SX1276SetRx       sx1276.o
    0x08004234   0x08004234   0x00000288   Code   RO           31    i.SX1276SetRxConfig  sx1276.o
    0x080044bc   0x080044bc   0x0000003c   Code   RO           32    i.SX1276SetSleep    sx1276.o
    0x080044f8   0x080044f8   0x0000002c   Code   RO           33    i.SX1276SetStby     sx1276.o
    0x08004524   0x08004524   0x000000b0   Code   RO           34    i.SX1276SetTx       sx1276.o
    0x080045d4   0x080045d4   0x000001fc   Code   RO           35    i.SX1276SetTxConfig  sx1276.o
    0x080047d0   0x080047d0   0x0000007c   Code   RO           36    i.SX1276SetTxContinuousWave  sx1276.o
    0x0800484c   0x0800484c   0x00000028   Code   RO          454    i.SX1276SetXO       mlm32l07x01.o
    0x08004874   0x08004874   0x00000038   Code   RO           37    i.SX1276StartCad    sx1276.o
    0x080048ac   0x080048ac   0x0000000c   Code   RO           38    i.SX1276Write       sx1276.o
    0x080048b8   0x080048b8   0x00000042   Code   RO           39    i.SX1276WriteBuffer  sx1276.o
    0x080048fa   0x080048fa   0x0000000e   Code   RO           40    i.SX1276WriteFifo   sx1276.o
    0x08004908   0x08004908   0x00000008   Code   RO         4465    i.SysTick_Handler   mlm32l0xx_it.o
    0x08004910   0x08004910   0x0000008c   Code   RO         4573    i.SystemClock_Config  mlm32l0xx_hw.o
    0x0800499c   0x0800499c   0x00000054   Code   RO          597    i.SystemInit        system_stm32l0xx.o
    0x080049f0   0x080049f0   0x0000000c   Code   RO         4740    i.TimerGetCurrentTime  timeserver.o
    0x080049fc   0x080049fc   0x0000001e   Code   RO         4741    i.TimerGetElapsedTime  timeserver.o
    0x08004a1a   0x08004a1a   0x00000012   Code   RO         4742    i.TimerInit         timeserver.o
    0x08004a2c   0x08004a2c   0x0000001c   Code   RO         4743    i.TimerInsertNewHeadTimer  timeserver.o
    0x08004a48   0x08004a48   0x00000080   Code   RO         4744    i.TimerIrqHandler   timeserver.o
    0x08004ac8   0x08004ac8   0x0000002c   Code   RO         4748    i.TimerSetTimeout   timeserver.o
    0x08004af4   0x08004af4   0x00000022   Code   RO         4749    i.TimerSetValue     timeserver.o
    0x08004b16   0x08004b16   0x00000002   PAD
    0x08004b18   0x08004b18   0x00000074   Code   RO         4750    i.TimerStart        timeserver.o
    0x08004b8c   0x08004b8c   0x00000064   Code   RO         4751    i.TimerStop         timeserver.o
    0x08004bf0   0x08004bf0   0x00000020   Code   RO         4950    i.TraceInit         trace.o
    0x08004c10   0x08004c10   0x00000074   Code   RO         4951    i.TraceSend         trace.o
    0x08004c84   0x08004c84   0x00000050   Code   RO         4952    i.Trace_TxCpltCallback  trace.o
    0x08004cd4   0x08004cd4   0x000000ca   Code   RO          987    i.UART_AdvFeatureConfig  stm32l0xx_hal_uart.o
    0x08004d9e   0x08004d9e   0x00000002   PAD
    0x08004da0   0x08004da0   0x00000060   Code   RO          988    i.UART_CheckIdleState  stm32l0xx_hal_uart.o
    0x08004e00   0x08004e00   0x00000014   Code   RO          989    i.UART_DMAAbortOnError  stm32l0xx_hal_uart.o
    0x08004e14   0x08004e14   0x00000048   Code   RO          990    i.UART_DMAError     stm32l0xx_hal_uart.o
    0x08004e5c   0x08004e5c   0x00000030   Code   RO          995    i.UART_DMATransmitCplt  stm32l0xx_hal_uart.o
    0x08004e8c   0x08004e8c   0x0000000a   Code   RO          997    i.UART_DMATxHalfCplt  stm32l0xx_hal_uart.o
    0x08004e96   0x08004e96   0x00000020   Code   RO          999    i.UART_EndRxTransfer  stm32l0xx_hal_uart.o
    0x08004eb6   0x08004eb6   0x00000010   Code   RO         1000    i.UART_EndTxTransfer  stm32l0xx_hal_uart.o
    0x08004ec6   0x08004ec6   0x00000002   PAD
    0x08004ec8   0x08004ec8   0x0000023c   Code   RO         1003    i.UART_SetConfig    stm32l0xx_hal_uart.o
    0x08005104   0x08005104   0x00000062   Code   RO         1006    i.UART_WaitOnFlagUntilTimeout  stm32l0xx_hal_uart.o
    0x08005166   0x08005166   0x00000008   Code   RO         4466    i.USART2_IRQHandler  mlm32l0xx_it.o
    0x0800516e   0x0800516e   0x00000002   PAD
    0x08005170   0x08005170   0x0000002c   Code   RO         5030    i.__0vsnprintf      mc_p.l(printfa.o)
    0x0800519c   0x0800519c   0x0000002e   Code   RO         5110    i.__ARM_clz         mf_p.l(depilogue.o)
    0x080051ca   0x080051ca   0x0000001a   Code   RO          238    i.__ARM_common_switch8  sx1276.o
    0x080051e4   0x080051e4   0x00000044   Code   RO         1904    i.__NVIC_SetPriority  stm32l0xx_hal_cortex.o
    0x08005228   0x08005228   0x0000000e   Code   RO         5124    i.__scatterload_copy  mc_p.l(handlers.o)
    0x08005236   0x08005236   0x00000002   Code   RO         5125    i.__scatterload_null  mc_p.l(handlers.o)
    0x08005238   0x08005238   0x0000000e   Code   RO         5126    i.__scatterload_zeroinit  mc_p.l(handlers.o)
    0x08005246   0x08005246   0x00000002   PAD
    0x08005248   0x08005248   0x00000174   Code   RO         5032    i._fp_digits        mc_p.l(printfa.o)
    0x080053bc   0x080053bc   0x000006ec   Code   RO         5033    i._printf_core      mc_p.l(printfa.o)
    0x08005aa8   0x08005aa8   0x00000020   Code   RO         5034    i._printf_post_padding  mc_p.l(printfa.o)
    0x08005ac8   0x08005ac8   0x0000002c   Code   RO         5035    i._printf_pre_padding  mc_p.l(printfa.o)
    0x08005af4   0x08005af4   0x00000016   Code   RO         5036    i._snputc           mc_p.l(printfa.o)
    0x08005b0a   0x08005b0a   0x00000030   Code   RO         4898    i.add_elementSize_and_inc_writeIdx  queue.o
    0x08005b3a   0x08005b3a   0x00000002   PAD
    0x08005b3c   0x08005b3c   0x000000c8   Code   RO         4996    i.ceil              m_ps.l(ceil.o)
    0x08005c04   0x08005c04   0x000000d0   Code   RO         4899    i.circular_queue_add  queue.o
    0x08005cd4   0x08005cd4   0x0000003a   Code   RO         4900    i.circular_queue_get  queue.o
    0x08005d0e   0x08005d0e   0x00000010   Code   RO         4901    i.circular_queue_init  queue.o
    0x08005d1e   0x08005d1e   0x00000050   Code   RO         4902    i.circular_queue_remove  queue.o
    0x08005d6e   0x08005d6e   0x00000010   Code   RO         4903    i.circular_queue_sense  queue.o
    0x08005d7e   0x08005d7e   0x00000002   PAD
    0x08005d80   0x08005d80   0x000000c8   Code   RO         5000    i.floor             m_ps.l(floor.o)
    0x08005e48   0x08005e48   0x00000248   Code   RO         4244    i.main              main.o
    0x08006090   0x08006090   0x00000016   Code   RO         4833    i.memcpy1           utilities.o
    0x080060a6   0x080060a6   0x00000016   Code   RO         4904    i.queue_copy        queue.o
    0x080060bc   0x080060bc   0x0000009c   Code   RO         5003    i.round             m_ps.l(round.o)
    0x08006158   0x08006158   0x00000010   Code   RO         4317    i.vcom_DMA_TX_IRQHandler  vcom.o
    0x08006168   0x08006168   0x00000010   Code   RO         4319    i.vcom_IRQHandler   vcom.o
    0x08006178   0x08006178   0x0000003c   Code   RO         4320    i.vcom_Init         vcom.o
    0x080061b4   0x080061b4   0x00000048   Code   RO         4321    i.vcom_IoDeInit     vcom.o
    0x080061fc   0x080061fc   0x0000005c   Code   RO         4322    i.vcom_IoInit       vcom.o
    0x08006258   0x08006258   0x00000014   Code   RO         4323    i.vcom_Trace        vcom.o
    0x0800626c   0x0800626c   0x000000e0   Data   RO           42    .constdata          sx1276.o
    0x0800634c   0x0800634c   0x00000074   Data   RO          455    .constdata          mlm32l07x01.o
    0x080063c0   0x080063c0   0x0000000c   Data   RO          540    .constdata          b-l072z-lrwan1.o
    0x080063cc   0x080063cc   0x00000019   Data   RO          598    .constdata          system_stm32l0xx.o
    0x080063e5   0x080063e5   0x00000008   Data   RO          599    .constdata          system_stm32l0xx.o
    0x080063ed   0x080063ed   0x00000018   Data   RO         4055    .constdata          hw_rtc.o
    0x08006405   0x08006405   0x0000000a   Data   RO         4246    .constdata          main.o
    0x0800640f   0x0800640f   0x00000001   PAD
    0x08006410   0x08006410   0x00000020   Data   RO         5122    Region$$Table       anon$$obj.o


    Execution Region RW_IRAM1 (Exec base: 0x20000000, Load base: 0x08006430, Size: 0x000009d0, Max: 0x00005000, ABSOLUTE)

    Exec Addr    Load Addr    Size         Type   Attr      Idx    E Section Name        Object

    0x20000000   0x08006430   0x00000020   Data   RW           43    .data               sx1276.o
    0x20000020   0x08006450   0x00000018   Data   RW          456    .data               mlm32l07x01.o
    0x20000038   0x08006468   0x00000014   Data   RW          541    .data               b-l072z-lrwan1.o
    0x2000004c   0x0800647c   0x00000004   Data   RW          600    .data               system_stm32l0xx.o
    0x20000050   0x08006480   0x00000004   Data   RW         1729    .data               stm32l0xx_hal.o
    0x20000054   0x08006484   0x00000004   Data   RW         4056    .data               hw_rtc.o
    0x20000058   0x08006488   0x00000006   Data   RW         4247    .data               main.o
    0x2000005e   0x0800648e   0x00000002   PAD
    0x20000060   0x08006490   0x00000004   Data   RW         4325    .data               vcom.o
    0x20000064   0x08006494   0x00000002   Data   RW         4575    .data               mlm32l0xx_hw.o
    0x20000066   0x08006496   0x00000002   PAD
    0x20000068   0x08006498   0x00000008   Data   RW         4674    .data               low_power_manager.o
    0x20000070   0x080064a0   0x00000004   Data   RW         4753    .data               timeserver.o
    0x20000074   0x080064a4   0x00000001   Data   RW         4954    .data               trace.o
    0x20000075   0x080064a5   0x00000003   PAD
    0x20000078        -       0x000001b0   Zero   RW           41    .bss                sx1276.o
    0x20000228        -       0x00000040   Zero   RW         3988    .bss                hw_gpio.o
    0x20000268        -       0x00000068   Zero   RW         4054    .bss                hw_rtc.o
    0x200002d0        -       0x00000058   Zero   RW         4197    .bss                hw_spi.o
    0x20000328        -       0x00000074   Zero   RW         4245    .bss                main.o
    0x2000039c        -       0x000000c8   Zero   RW         4324    .bss                vcom.o
    0x20000464        -       0x0000005c   Zero   RW         4574    .bss                mlm32l0xx_hw.o
    0x200004c0        -       0x00000110   Zero   RW         4953    .bss                trace.o
    0x200005d0        -       0x00000400   Zero   RW         3947    STACK               startup_stm32l072xx.o


==============================================================================

Image component sizes


      Code (inc. data)   RO Data    RW Data    ZI Data      Debug   Object Name

       160         30         12         20          0       3516   b-l072z-lrwan1.o
       120         20          0          0          0       1499   debug.o
       238         28          0          0         64       4105   hw_gpio.o
       926        108         24          4        104      31431   hw_rtc.o
       260         28          0          0         88       2761   hw_spi.o
       178         22          0          8          0       5514   low_power_manager.o
       920        238         10          6        116       6026   main.o
       674         52        116         24          0      13581   mlm32l07x01.o
       234         14          0          0          0       4540   mlm32l0xx_hal_msp.o
       732         94          0          2         92       9125   mlm32l0xx_hw.o
       166          0          0          0          0       5681   mlm32l0xx_it.o
       448          0          0          0          0       6911   queue.o
        28          8        192          0       1024        664   startup_stm32l072xx.o
       116         28          0          4          0       4812   stm32l0xx_hal.o
       818         26          0          0          0       5394   stm32l0xx_hal_adc.o
       100         14          0          0          0      11728   stm32l0xx_hal_cortex.o
       536         12          0          0          0       4882   stm32l0xx_hal_dma.o
       432         38          0          0          0       4012   stm32l0xx_hal_gpio.o
       116         20          0          0          0       2034   stm32l0xx_hal_pwr.o
        32          8          0          0          0       1225   stm32l0xx_hal_pwr_ex.o
      1722         94          0          0          0       6252   stm32l0xx_hal_rcc.o
       396         14          0          0          0       1684   stm32l0xx_hal_rcc_ex.o
      1508         28          0          0          0      10480   stm32l0xx_hal_rtc.o
        60          0          0          0          0       1799   stm32l0xx_hal_rtc_ex.o
       832          0          0          0          0       5827   stm32l0xx_hal_spi.o
      1764        104          0          0          0      13138   stm32l0xx_hal_uart.o
         2          0          0          0          0       1192   stm32l0xx_hal_uart_ex.o
      5400        328        224         32        432     447427   sx1276.o
        84         18         33          4          0       1719   system_stm32l0xx.o
       510         18          0          4          0       8547   timeserver.o
       228         28          0          1        272       4379   trace.o
        22          0          0          0          0       1382   utilities.o
       444         60          0          4        200       5503   vcom.o

    ----------------------------------------------------------------------
     20244       1480        644        120       2392     638770   Object Totals
         0          0         32          0          0          0   (incl. Generated)
        38          0          1          7          0          0   (incl. Padding)

    ----------------------------------------------------------------------

      Code (inc. data)   RO Data    RW Data    ZI Data      Debug   Library Member Name

       200         20          0          0          0         76   ceil.o
       200         20          0          0          0         76   floor.o
       156         14          0          0          0         84   round.o
         0          0          0          0          0          0   entry.o
         0          0          0          0          0          0   entry10a.o
         0          0          0          0          0          0   entry11a.o
         8          4          0          0          0          0   entry2.o
         4          0          0          0          0          0   entry5.o
         0          0          0          0          0          0   entry7b.o
         0          0          0          0          0          0   entry8b.o
         8          4          0          0          0          0   entry9a.o
        30          0          0          0          0          0   handlers.o
        36          8          0          0          0         68   init.o
         0          0          0          0          0          0   iusefp.o
        32          0          0          0          0         68   llshl.o
        38          0          0          0          0         68   llsshr.o
        34          0          0          0          0         68   llushr.o
        36          0          0          0          0         60   memcpya.o
        36          0          0          0          0        100   memseta.o
      2286         94          0          0          0        460   printfa.o
        30          0          0          0          0         72   strncmp.o
        44          0          0          0          0         72   uidiv.o
        96          0          0          0          0         84   uldiv.o
        40          2          0          0          0         68   cdcmple.o
        40          2          0          0          0         68   cdrcmple.o
       356          4          0          0          0        140   dadd.o
       240          6          0          0          0         84   ddiv.o
       236          0          0          0          0        216   depilogue.o
        60         10          0          0          0         68   dfixui.o
        64         10          0          0          0         68   dfixul.o
        40          6          0          0          0         68   dflti.o
        28          4          0          0          0         68   dfltui.o
       208          6          0          0          0         88   dmul.o
       124         10          0          0          0         76   drnd.o
        44          0          0          0          0         72   dscalb.o

    ----------------------------------------------------------------------
      4760        224          0          0          0       2440   Library Totals
         6          0          0          0          0          0   (incl. Padding)

    ----------------------------------------------------------------------

      Code (inc. data)   RO Data    RW Data    ZI Data      Debug   Library Name

       556         54          0          0          0        236   m_ps.l
      2718        110          0          0          0       1120   mc_p.l
      1480         60          0          0          0       1084   mf_p.l

    ----------------------------------------------------------------------
      4760        224          0          0          0       2440   Library Totals

    ----------------------------------------------------------------------

==============================================================================


      Code (inc. data)   RO Data    RW Data    ZI Data      Debug   

     25004       1704        644        120       2392     630874   Grand Totals
     25004       1704        644        120       2392     630874   ELF Image Totals
     25004       1704        644        120          0          0   ROM Totals

==============================================================================

    Total RO  Size (Code + RO Data)                25648 (  25.05kB)
    Total RW  Size (RW Data + ZI Data)              2512 (   2.45kB)
    Total ROM Size (Code + RO Data + RW Data)      25768 (  25.16kB)

==============================================================================

